
 /----------------------------------------------------------------------------\
 |                                                                            |
 |  yosys -- Yosys Open SYnthesis Suite                                       |
 |                                                                            |
 |  Copyright (C) 2012 - 2020  Claire Xenia Wolf <claire@yosyshq.com>         |
 |                                                                            |
 |  Permission to use, copy, modify, and/or distribute this software for any  |
 |  purpose with or without fee is hereby granted, provided that the above    |
 |  copyright notice and this permission notice appear in all copies.         |
 |                                                                            |
 |  THE SOFTWARE IS PROVIDED "AS IS" AND THE AUTHOR DISCLAIMS ALL WARRANTIES  |
 |  WITH REGARD TO THIS SOFTWARE INCLUDING ALL IMPLIED WARRANTIES OF          |
 |  MERCHANTABILITY AND FITNESS. IN NO EVENT SHALL THE AUTHOR BE LIABLE FOR   |
 |  ANY SPECIAL, DIRECT, INDIRECT, OR CONSEQUENTIAL DAMAGES OR ANY DAMAGES    |
 |  WHATSOEVER RESULTING FROM LOSS OF USE, DATA OR PROFITS, WHETHER IN AN     |
 |  ACTION OF CONTRACT, NEGLIGENCE OR OTHER TORTIOUS ACTION, ARISING OUT OF   |
 |  OR IN CONNECTION WITH THE USE OR PERFORMANCE OF THIS SOFTWARE.            |
 |                                                                            |
 \----------------------------------------------------------------------------/

 Yosys 0.33 (git sha1 2584903a060)


-- Running command `read_verilog -sv -DSYNTH_FPU_INT_TO_FLOAT synth_harness.sv ../../rtl/fpu_int_to_float.sv; synth_ice40 -top synth_harness -json build/fpu_int_to_float.json' --

1. Executing Verilog-2005 frontend: synth_harness.sv
Parsing SystemVerilog input from `synth_harness.sv' to AST representation.
Generating RTLIL representation for module `\synth_harness'.
Warning: Replacing memory \stim_reg with list of registers. See synth_harness.sv:32
Successfully finished Verilog frontend.

2. Executing Verilog-2005 frontend: ../../rtl/fpu_int_to_float.sv
Parsing SystemVerilog input from `../../rtl/fpu_int_to_float.sv' to AST representation.
Generating RTLIL representation for module `\fpu_int_to_float'.
Successfully finished Verilog frontend.

3. Executing SYNTH_ICE40 pass.

3.1. Executing Verilog-2005 frontend: /usr/bin/../share/yosys/ice40/cells_sim.v
Parsing Verilog input from `/usr/bin/../share/yosys/ice40/cells_sim.v' to AST representation.
Generating RTLIL representation for module `\SB_IO'.
Generating RTLIL representation for module `\SB_GB_IO'.
Generating RTLIL representation for module `\SB_GB'.
Generating RTLIL representation for module `\SB_LUT4'.
Generating RTLIL representation for module `\SB_CARRY'.
Generating RTLIL representation for module `\SB_DFF'.
Generating RTLIL representation for module `\SB_DFFE'.
Generating RTLIL representation for module `\SB_DFFSR'.
Generating RTLIL representation for module `\SB_DFFR'.
Generating RTLIL representation for module `\SB_DFFSS'.
Generating RTLIL representation for module `\SB_DFFS'.
Generating RTLIL representation for module `\SB_DFFESR'.
Generating RTLIL representation for module `\SB_DFFER'.
Generating RTLIL representation for module `\SB_DFFESS'.
Generating RTLIL representation for module `\SB_DFFES'.
Generating RTLIL representation for module `\SB_DFFN'.
Generating RTLIL representation for module `\SB_DFFNE'.
Generating RTLIL representation for module `\SB_DFFNSR'.
Generating RTLIL representation for module `\SB_DFFNR'.
Generating RTLIL representation for module `\SB_DFFNSS'.
Generating RTLIL representation for module `\SB_DFFNS'.
Generating RTLIL representation for module `\SB_DFFNESR'.
Generating RTLIL representation for module `\SB_DFFNER'.
Generating RTLIL representation for module `\SB_DFFNESS'.
Generating RTLIL representation for module `\SB_DFFNES'.
Generating RTLIL representation for module `\SB_RAM40_4K'.
Generating RTLIL representation for module `\SB_RAM40_4KNR'.
Generating RTLIL representation for module `\SB_RAM40_4KNW'.
Generating RTLIL representation for module `\SB_RAM40_4KNRNW'.
Generating RTLIL representation for module `\ICESTORM_LC'.
Generating RTLIL representation for module `\SB_PLL40_CORE'.
Generating RTLIL representation for module `\SB_PLL40_PAD'.
Generating RTLIL representation for module `\SB_PLL40_2_PAD'.
Generating RTLIL representation for module `\SB_PLL40_2F_CORE'.
Generating RTLIL representation for module `\SB_PLL40_2F_PAD'.
Generating RTLIL representation for module `\SB_WARMBOOT'.
Generating RTLIL representation for module `\SB_SPRAM256KA'.
Generating RTLIL representation for module `\SB_HFOSC'.
Generating RTLIL representation for module `\SB_LFOSC'.
Generating RTLIL representation for module `\SB_RGBA_DRV'.
Generating RTLIL representation for module `\SB_LED_DRV_CUR'.
Generating RTLIL representation for module `\SB_RGB_DRV'.
Generating RTLIL representation for module `\SB_I2C'.
Generating RTLIL representation for module `\SB_SPI'.
Generating RTLIL representation for module `\SB_LEDDA_IP'.
Generating RTLIL representation for module `\SB_FILTER_50NS'.
Generating RTLIL representation for module `\SB_IO_I3C'.
Generating RTLIL representation for module `\SB_IO_OD'.
Generating RTLIL representation for module `\SB_MAC16'.
Generating RTLIL representation for module `\ICESTORM_RAM'.
Successfully finished Verilog frontend.

3.2. Executing HIERARCHY pass (managing design hierarchy).

3.2.1. Analyzing design hierarchy..
Top module:  \synth_harness
Used module:     \fpu_int_to_float
Reprocessing module synth_harness because instantiated module fpu_int_to_float has become available.
Generating RTLIL representation for module `\synth_harness'.
Warning: Replacing memory \stim_reg with list of registers. See synth_harness.sv:32

3.2.2. Analyzing design hierarchy..
Top module:  \synth_harness
Used module:     \fpu_int_to_float

3.2.3. Analyzing design hierarchy..
Top module:  \synth_harness
Used module:     \fpu_int_to_float
Removed 0 unused modules.

3.3. Executing PROC pass (convert processes to netlists).

3.3.1. Executing PROC_CLEAN pass (remove empty switches from decision trees).
Cleaned up 0 empty switches.

3.3.2. Executing PROC_RMDEAD pass (remove dead branches from decision trees).
Marked 1 switch rules as full_case in process $proc$synth_harness.sv:29$478 in module synth_harness.
Marked 1 switch rules as full_case in process $proc$/usr/bin/../share/yosys/ice40/cells_sim.v:1414$335 in module SB_DFFNES.
Marked 1 switch rules as full_case in process $proc$/usr/bin/../share/yosys/ice40/cells_sim.v:1353$328 in module SB_DFFNESS.
Marked 1 switch rules as full_case in process $proc$/usr/bin/../share/yosys/ice40/cells_sim.v:1273$324 in module SB_DFFNER.
Marked 1 switch rules as full_case in process $proc$/usr/bin/../share/yosys/ice40/cells_sim.v:1212$317 in module SB_DFFNESR.
Marked 1 switch rules as full_case in process $proc$/usr/bin/../share/yosys/ice40/cells_sim.v:1138$314 in module SB_DFFNS.
Marked 1 switch rules as full_case in process $proc$/usr/bin/../share/yosys/ice40/cells_sim.v:1088$311 in module SB_DFFNSS.
Marked 1 switch rules as full_case in process $proc$/usr/bin/../share/yosys/ice40/cells_sim.v:1017$308 in module SB_DFFNR.
Marked 1 switch rules as full_case in process $proc$/usr/bin/../share/yosys/ice40/cells_sim.v:967$305 in module SB_DFFNSR.
Marked 1 switch rules as full_case in process $proc$/usr/bin/../share/yosys/ice40/cells_sim.v:803$297 in module SB_DFFES.
Marked 1 switch rules as full_case in process $proc$/usr/bin/../share/yosys/ice40/cells_sim.v:742$290 in module SB_DFFESS.
Marked 1 switch rules as full_case in process $proc$/usr/bin/../share/yosys/ice40/cells_sim.v:662$286 in module SB_DFFER.
Marked 1 switch rules as full_case in process $proc$/usr/bin/../share/yosys/ice40/cells_sim.v:601$279 in module SB_DFFESR.
Marked 1 switch rules as full_case in process $proc$/usr/bin/../share/yosys/ice40/cells_sim.v:527$276 in module SB_DFFS.
Marked 1 switch rules as full_case in process $proc$/usr/bin/../share/yosys/ice40/cells_sim.v:477$273 in module SB_DFFSS.
Marked 1 switch rules as full_case in process $proc$/usr/bin/../share/yosys/ice40/cells_sim.v:406$270 in module SB_DFFR.
Marked 1 switch rules as full_case in process $proc$/usr/bin/../share/yosys/ice40/cells_sim.v:356$267 in module SB_DFFSR.
Marked 35 switch rules as full_case in process $proc$../../rtl/fpu_int_to_float.sv:0$17 in module fpu_int_to_float.
Removed a total of 0 dead cases.

3.3.3. Executing PROC_PRUNE pass (remove redundant assignments in processes).
Removed 17 redundant assignments.
Promoted 34 assignments to connections.

3.3.4. Executing PROC_INIT pass (extract init attributes).
Found init rule in `\SB_DFFNES.$proc$/usr/bin/../share/yosys/ice40/cells_sim.v:0$338'.
  Set init value: \Q = 1'0
Found init rule in `\SB_DFFNESS.$proc$/usr/bin/../share/yosys/ice40/cells_sim.v:0$334'.
  Set init value: \Q = 1'0
Found init rule in `\SB_DFFNER.$proc$/usr/bin/../share/yosys/ice40/cells_sim.v:0$327'.
  Set init value: \Q = 1'0
Found init rule in `\SB_DFFNESR.$proc$/usr/bin/../share/yosys/ice40/cells_sim.v:0$323'.
  Set init value: \Q = 1'0
Found init rule in `\SB_DFFNS.$proc$/usr/bin/../share/yosys/ice40/cells_sim.v:0$316'.
  Set init value: \Q = 1'0
Found init rule in `\SB_DFFNSS.$proc$/usr/bin/../share/yosys/ice40/cells_sim.v:0$313'.
  Set init value: \Q = 1'0
Found init rule in `\SB_DFFNR.$proc$/usr/bin/../share/yosys/ice40/cells_sim.v:0$310'.
  Set init value: \Q = 1'0
Found init rule in `\SB_DFFNSR.$proc$/usr/bin/../share/yosys/ice40/cells_sim.v:0$307'.
  Set init value: \Q = 1'0
Found init rule in `\SB_DFFNE.$proc$/usr/bin/../share/yosys/ice40/cells_sim.v:0$304'.
  Set init value: \Q = 1'0
Found init rule in `\SB_DFFN.$proc$/usr/bin/../share/yosys/ice40/cells_sim.v:0$302'.
  Set init value: \Q = 1'0
Found init rule in `\SB_DFFES.$proc$/usr/bin/../share/yosys/ice40/cells_sim.v:0$300'.
  Set init value: \Q = 1'0
Found init rule in `\SB_DFFESS.$proc$/usr/bin/../share/yosys/ice40/cells_sim.v:0$296'.
  Set init value: \Q = 1'0
Found init rule in `\SB_DFFER.$proc$/usr/bin/../share/yosys/ice40/cells_sim.v:0$289'.
  Set init value: \Q = 1'0
Found init rule in `\SB_DFFESR.$proc$/usr/bin/../share/yosys/ice40/cells_sim.v:0$285'.
  Set init value: \Q = 1'0
Found init rule in `\SB_DFFS.$proc$/usr/bin/../share/yosys/ice40/cells_sim.v:0$278'.
  Set init value: \Q = 1'0
Found init rule in `\SB_DFFSS.$proc$/usr/bin/../share/yosys/ice40/cells_sim.v:0$275'.
  Set init value: \Q = 1'0
Found init rule in `\SB_DFFR.$proc$/usr/bin/../share/yosys/ice40/cells_sim.v:0$272'.
  Set init value: \Q = 1'0
Found init rule in `\SB_DFFSR.$proc$/usr/bin/../share/yosys/ice40/cells_sim.v:0$269'.
  Set init value: \Q = 1'0
Found init rule in `\SB_DFFE.$proc$/usr/bin/../share/yosys/ice40/cells_sim.v:0$266'.
  Set init value: \Q = 1'0
Found init rule in `\SB_DFF.$proc$/usr/bin/../share/yosys/ice40/cells_sim.v:0$264'.
  Set init value: \Q = 1'0

3.3.5. Executing PROC_ARST pass (detect async resets in processes).
Found async reset \rst_n in `\synth_harness.$proc$synth_harness.sv:29$478'.
Found async reset \S in `\SB_DFFNES.$proc$/usr/bin/../share/yosys/ice40/cells_sim.v:1414$335'.
Found async reset \R in `\SB_DFFNER.$proc$/usr/bin/../share/yosys/ice40/cells_sim.v:1273$324'.
Found async reset \S in `\SB_DFFNS.$proc$/usr/bin/../share/yosys/ice40/cells_sim.v:1138$314'.
Found async reset \R in `\SB_DFFNR.$proc$/usr/bin/../share/yosys/ice40/cells_sim.v:1017$308'.
Found async reset \S in `\SB_DFFES.$proc$/usr/bin/../share/yosys/ice40/cells_sim.v:803$297'.
Found async reset \R in `\SB_DFFER.$proc$/usr/bin/../share/yosys/ice40/cells_sim.v:662$286'.
Found async reset \S in `\SB_DFFS.$proc$/usr/bin/../share/yosys/ice40/cells_sim.v:527$276'.
Found async reset \R in `\SB_DFFR.$proc$/usr/bin/../share/yosys/ice40/cells_sim.v:406$270'.

3.3.6. Executing PROC_ROM pass (convert switches to ROMs).
Converted 0 switches.
<suppressed ~53 debug messages>

3.3.7. Executing PROC_MUX pass (convert decision trees to multiplexers).
Creating decoders for process `\synth_harness.$proc$synth_harness.sv:443$486'.
Creating decoders for process `\synth_harness.$proc$synth_harness.sv:29$478'.
     1/11: $0\stim_sel[4:0]
     2/11: $1$fordecl_block$3.i[31:0]$483
     3/11: $0\stim_reg[7][31:0]
     4/11: $0\stim_reg[6][31:0]
     5/11: $0\stim_reg[5][31:0]
     6/11: $0\stim_reg[4][31:0]
     7/11: $0\stim_reg[3][31:0]
     8/11: $0\stim_reg[2][31:0]
     9/11: $0\stim_reg[1][31:0]
    10/11: $0\stim_reg[0][31:0]
    11/11: $1$fordecl_block$1.i[31:0]$482
Creating decoders for process `\synth_harness.$proc$synth_harness.sv:18$477'.
Creating decoders for process `\SB_DFFNES.$proc$/usr/bin/../share/yosys/ice40/cells_sim.v:0$338'.
Creating decoders for process `\SB_DFFNES.$proc$/usr/bin/../share/yosys/ice40/cells_sim.v:1414$335'.
     1/1: $0\Q[0:0]
Creating decoders for process `\SB_DFFNESS.$proc$/usr/bin/../share/yosys/ice40/cells_sim.v:0$334'.
Creating decoders for process `\SB_DFFNESS.$proc$/usr/bin/../share/yosys/ice40/cells_sim.v:1353$328'.
     1/1: $0\Q[0:0]
Creating decoders for process `\SB_DFFNER.$proc$/usr/bin/../share/yosys/ice40/cells_sim.v:0$327'.
Creating decoders for process `\SB_DFFNER.$proc$/usr/bin/../share/yosys/ice40/cells_sim.v:1273$324'.
     1/1: $0\Q[0:0]
Creating decoders for process `\SB_DFFNESR.$proc$/usr/bin/../share/yosys/ice40/cells_sim.v:0$323'.
Creating decoders for process `\SB_DFFNESR.$proc$/usr/bin/../share/yosys/ice40/cells_sim.v:1212$317'.
     1/1: $0\Q[0:0]
Creating decoders for process `\SB_DFFNS.$proc$/usr/bin/../share/yosys/ice40/cells_sim.v:0$316'.
Creating decoders for process `\SB_DFFNS.$proc$/usr/bin/../share/yosys/ice40/cells_sim.v:1138$314'.
     1/1: $0\Q[0:0]
Creating decoders for process `\SB_DFFNSS.$proc$/usr/bin/../share/yosys/ice40/cells_sim.v:0$313'.
Creating decoders for process `\SB_DFFNSS.$proc$/usr/bin/../share/yosys/ice40/cells_sim.v:1088$311'.
     1/1: $0\Q[0:0]
Creating decoders for process `\SB_DFFNR.$proc$/usr/bin/../share/yosys/ice40/cells_sim.v:0$310'.
Creating decoders for process `\SB_DFFNR.$proc$/usr/bin/../share/yosys/ice40/cells_sim.v:1017$308'.
     1/1: $0\Q[0:0]
Creating decoders for process `\SB_DFFNSR.$proc$/usr/bin/../share/yosys/ice40/cells_sim.v:0$307'.
Creating decoders for process `\SB_DFFNSR.$proc$/usr/bin/../share/yosys/ice40/cells_sim.v:967$305'.
     1/1: $0\Q[0:0]
Creating decoders for process `\SB_DFFNE.$proc$/usr/bin/../share/yosys/ice40/cells_sim.v:0$304'.
Creating decoders for process `\SB_DFFNE.$proc$/usr/bin/../share/yosys/ice40/cells_sim.v:922$303'.
     1/1: $0\Q[0:0]
Creating decoders for process `\SB_DFFN.$proc$/usr/bin/../share/yosys/ice40/cells_sim.v:0$302'.
Creating decoders for process `\SB_DFFN.$proc$/usr/bin/../share/yosys/ice40/cells_sim.v:882$301'.
Creating decoders for process `\SB_DFFES.$proc$/usr/bin/../share/yosys/ice40/cells_sim.v:0$300'.
Creating decoders for process `\SB_DFFES.$proc$/usr/bin/../share/yosys/ice40/cells_sim.v:803$297'.
     1/1: $0\Q[0:0]
Creating decoders for process `\SB_DFFESS.$proc$/usr/bin/../share/yosys/ice40/cells_sim.v:0$296'.
Creating decoders for process `\SB_DFFESS.$proc$/usr/bin/../share/yosys/ice40/cells_sim.v:742$290'.
     1/1: $0\Q[0:0]
Creating decoders for process `\SB_DFFER.$proc$/usr/bin/../share/yosys/ice40/cells_sim.v:0$289'.
Creating decoders for process `\SB_DFFER.$proc$/usr/bin/../share/yosys/ice40/cells_sim.v:662$286'.
     1/1: $0\Q[0:0]
Creating decoders for process `\SB_DFFESR.$proc$/usr/bin/../share/yosys/ice40/cells_sim.v:0$285'.
Creating decoders for process `\SB_DFFESR.$proc$/usr/bin/../share/yosys/ice40/cells_sim.v:601$279'.
     1/1: $0\Q[0:0]
Creating decoders for process `\SB_DFFS.$proc$/usr/bin/../share/yosys/ice40/cells_sim.v:0$278'.
Creating decoders for process `\SB_DFFS.$proc$/usr/bin/../share/yosys/ice40/cells_sim.v:527$276'.
     1/1: $0\Q[0:0]
Creating decoders for process `\SB_DFFSS.$proc$/usr/bin/../share/yosys/ice40/cells_sim.v:0$275'.
Creating decoders for process `\SB_DFFSS.$proc$/usr/bin/../share/yosys/ice40/cells_sim.v:477$273'.
     1/1: $0\Q[0:0]
Creating decoders for process `\SB_DFFR.$proc$/usr/bin/../share/yosys/ice40/cells_sim.v:0$272'.
Creating decoders for process `\SB_DFFR.$proc$/usr/bin/../share/yosys/ice40/cells_sim.v:406$270'.
     1/1: $0\Q[0:0]
Creating decoders for process `\SB_DFFSR.$proc$/usr/bin/../share/yosys/ice40/cells_sim.v:0$269'.
Creating decoders for process `\SB_DFFSR.$proc$/usr/bin/../share/yosys/ice40/cells_sim.v:356$267'.
     1/1: $0\Q[0:0]
Creating decoders for process `\SB_DFFE.$proc$/usr/bin/../share/yosys/ice40/cells_sim.v:0$266'.
Creating decoders for process `\SB_DFFE.$proc$/usr/bin/../share/yosys/ice40/cells_sim.v:311$265'.
     1/1: $0\Q[0:0]
Creating decoders for process `\SB_DFF.$proc$/usr/bin/../share/yosys/ice40/cells_sim.v:0$264'.
Creating decoders for process `\SB_DFF.$proc$/usr/bin/../share/yosys/ice40/cells_sim.v:271$263'.
Creating decoders for process `\fpu_int_to_float.$proc$../../rtl/fpu_int_to_float.sv:0$17'.
     1/42: $2\mant[22:0]
     2/42: $33\msb_pos[7:0]
     3/42: $32\msb_pos[7:0]
     4/42: $31\msb_pos[7:0]
     5/42: $30\msb_pos[7:0]
     6/42: $29\msb_pos[7:0]
     7/42: $28\msb_pos[7:0]
     8/42: $27\msb_pos[7:0]
     9/42: $26\msb_pos[7:0]
    10/42: $25\msb_pos[7:0]
    11/42: $24\msb_pos[7:0]
    12/42: $23\msb_pos[7:0]
    13/42: $22\msb_pos[7:0]
    14/42: $21\msb_pos[7:0]
    15/42: $20\msb_pos[7:0]
    16/42: $19\msb_pos[7:0]
    17/42: $18\msb_pos[7:0]
    18/42: $17\msb_pos[7:0]
    19/42: $16\msb_pos[7:0]
    20/42: $15\msb_pos[7:0]
    21/42: $14\msb_pos[7:0]
    22/42: $13\msb_pos[7:0]
    23/42: $12\msb_pos[7:0]
    24/42: $11\msb_pos[7:0]
    25/42: $10\msb_pos[7:0]
    26/42: $9\msb_pos[7:0]
    27/42: $8\msb_pos[7:0]
    28/42: $7\msb_pos[7:0]
    29/42: $6\msb_pos[7:0]
    30/42: $5\msb_pos[7:0]
    31/42: $4\msb_pos[7:0]
    32/42: $3\msb_pos[7:0]
    33/42: $2\msb_pos[7:0]
    34/42: $2\abs_val[31:0]
    35/42: $2\sign[0:0]
    36/42: $1\result[31:0]
    37/42: $1$fordecl_block$15.i[31:0]$20
    38/42: $1\msb_pos[7:0]
    39/42: $1\mant[22:0]
    40/42: $1\exp[7:0]
    41/42: $1\abs_val[31:0]
    42/42: $1\sign[0:0]

3.3.8. Executing PROC_DLATCH pass (convert process syncs to latches).
No latch inferred for signal `\fpu_int_to_float.\result' from process `\fpu_int_to_float.$proc$../../rtl/fpu_int_to_float.sv:0$17'.
No latch inferred for signal `\fpu_int_to_float.\sign' from process `\fpu_int_to_float.$proc$../../rtl/fpu_int_to_float.sv:0$17'.
No latch inferred for signal `\fpu_int_to_float.\abs_val' from process `\fpu_int_to_float.$proc$../../rtl/fpu_int_to_float.sv:0$17'.
No latch inferred for signal `\fpu_int_to_float.\exp' from process `\fpu_int_to_float.$proc$../../rtl/fpu_int_to_float.sv:0$17'.
No latch inferred for signal `\fpu_int_to_float.\mant' from process `\fpu_int_to_float.$proc$../../rtl/fpu_int_to_float.sv:0$17'.
No latch inferred for signal `\fpu_int_to_float.\msb_pos' from process `\fpu_int_to_float.$proc$../../rtl/fpu_int_to_float.sv:0$17'.
No latch inferred for signal `\fpu_int_to_float.$fordecl_block$15.i' from process `\fpu_int_to_float.$proc$../../rtl/fpu_int_to_float.sv:0$17'.

3.3.9. Executing PROC_DFF pass (convert process syncs to FFs).
Creating register for signal `\synth_harness.\result_reg' using process `\synth_harness.$proc$synth_harness.sv:443$486'.
  created $dff cell `$procdff$762' with positive edge clock.
Creating register for signal `\synth_harness.\stim_sel' using process `\synth_harness.$proc$synth_harness.sv:29$478'.
  created $adff cell `$procdff$763' with positive edge clock and negative level reset.
Creating register for signal `\synth_harness.$fordecl_block$1.i' using process `\synth_harness.$proc$synth_harness.sv:29$478'.
  created $adff cell `$procdff$764' with positive edge clock and negative level reset.
Creating register for signal `\synth_harness.$fordecl_block$3.i' using process `\synth_harness.$proc$synth_harness.sv:29$478'.
  created $dff cell `$procdff$767' with positive edge clock.
Creating register for signal `\synth_harness.\stim_reg[0]' using process `\synth_harness.$proc$synth_harness.sv:29$478'.
  created $adff cell `$procdff$768' with positive edge clock and negative level reset.
Creating register for signal `\synth_harness.\stim_reg[1]' using process `\synth_harness.$proc$synth_harness.sv:29$478'.
  created $adff cell `$procdff$769' with positive edge clock and negative level reset.
Creating register for signal `\synth_harness.\stim_reg[2]' using process `\synth_harness.$proc$synth_harness.sv:29$478'.
  created $adff cell `$procdff$770' with positive edge clock and negative level reset.
Creating register for signal `\synth_harness.\stim_reg[3]' using process `\synth_harness.$proc$synth_harness.sv:29$478'.
  created $adff cell `$procdff$771' with positive edge clock and negative level reset.
Creating register for signal `\synth_harness.\stim_reg[4]' using process `\synth_harness.$proc$synth_harness.sv:29$478'.
  created $adff cell `$procdff$772' with positive edge clock and negative level reset.
Creating register for signal `\synth_harness.\stim_reg[5]' using process `\synth_harness.$proc$synth_harness.sv:29$478'.
  created $adff cell `$procdff$773' with positive edge clock and negative level reset.
Creating register for signal `\synth_harness.\stim_reg[6]' using process `\synth_harness.$proc$synth_harness.sv:29$478'.
  created $adff cell `$procdff$774' with positive edge clock and negative level reset.
Creating register for signal `\synth_harness.\stim_reg[7]' using process `\synth_harness.$proc$synth_harness.sv:29$478'.
  created $adff cell `$procdff$775' with positive edge clock and negative level reset.
Creating register for signal `\synth_harness.\rst_n_sync1' using process `\synth_harness.$proc$synth_harness.sv:18$477'.
  created $dff cell `$procdff$776' with positive edge clock.
Creating register for signal `\synth_harness.\rst_n_sync2' using process `\synth_harness.$proc$synth_harness.sv:18$477'.
  created $dff cell `$procdff$777' with positive edge clock.
Creating register for signal `\SB_DFFNES.\Q' using process `\SB_DFFNES.$proc$/usr/bin/../share/yosys/ice40/cells_sim.v:1414$335'.
  created $adff cell `$procdff$778' with negative edge clock and positive level reset.
Creating register for signal `\SB_DFFNESS.\Q' using process `\SB_DFFNESS.$proc$/usr/bin/../share/yosys/ice40/cells_sim.v:1353$328'.
  created $dff cell `$procdff$779' with negative edge clock.
Creating register for signal `\SB_DFFNER.\Q' using process `\SB_DFFNER.$proc$/usr/bin/../share/yosys/ice40/cells_sim.v:1273$324'.
  created $adff cell `$procdff$780' with negative edge clock and positive level reset.
Creating register for signal `\SB_DFFNESR.\Q' using process `\SB_DFFNESR.$proc$/usr/bin/../share/yosys/ice40/cells_sim.v:1212$317'.
  created $dff cell `$procdff$781' with negative edge clock.
Creating register for signal `\SB_DFFNS.\Q' using process `\SB_DFFNS.$proc$/usr/bin/../share/yosys/ice40/cells_sim.v:1138$314'.
  created $adff cell `$procdff$782' with negative edge clock and positive level reset.
Creating register for signal `\SB_DFFNSS.\Q' using process `\SB_DFFNSS.$proc$/usr/bin/../share/yosys/ice40/cells_sim.v:1088$311'.
  created $dff cell `$procdff$783' with negative edge clock.
Creating register for signal `\SB_DFFNR.\Q' using process `\SB_DFFNR.$proc$/usr/bin/../share/yosys/ice40/cells_sim.v:1017$308'.
  created $adff cell `$procdff$784' with negative edge clock and positive level reset.
Creating register for signal `\SB_DFFNSR.\Q' using process `\SB_DFFNSR.$proc$/usr/bin/../share/yosys/ice40/cells_sim.v:967$305'.
  created $dff cell `$procdff$785' with negative edge clock.
Creating register for signal `\SB_DFFNE.\Q' using process `\SB_DFFNE.$proc$/usr/bin/../share/yosys/ice40/cells_sim.v:922$303'.
  created $dff cell `$procdff$786' with negative edge clock.
Creating register for signal `\SB_DFFN.\Q' using process `\SB_DFFN.$proc$/usr/bin/../share/yosys/ice40/cells_sim.v:882$301'.
  created $dff cell `$procdff$787' with negative edge clock.
Creating register for signal `\SB_DFFES.\Q' using process `\SB_DFFES.$proc$/usr/bin/../share/yosys/ice40/cells_sim.v:803$297'.
  created $adff cell `$procdff$788' with positive edge clock and positive level reset.
Creating register for signal `\SB_DFFESS.\Q' using process `\SB_DFFESS.$proc$/usr/bin/../share/yosys/ice40/cells_sim.v:742$290'.
  created $dff cell `$procdff$789' with positive edge clock.
Creating register for signal `\SB_DFFER.\Q' using process `\SB_DFFER.$proc$/usr/bin/../share/yosys/ice40/cells_sim.v:662$286'.
  created $adff cell `$procdff$790' with positive edge clock and positive level reset.
Creating register for signal `\SB_DFFESR.\Q' using process `\SB_DFFESR.$proc$/usr/bin/../share/yosys/ice40/cells_sim.v:601$279'.
  created $dff cell `$procdff$791' with positive edge clock.
Creating register for signal `\SB_DFFS.\Q' using process `\SB_DFFS.$proc$/usr/bin/../share/yosys/ice40/cells_sim.v:527$276'.
  created $adff cell `$procdff$792' with positive edge clock and positive level reset.
Creating register for signal `\SB_DFFSS.\Q' using process `\SB_DFFSS.$proc$/usr/bin/../share/yosys/ice40/cells_sim.v:477$273'.
  created $dff cell `$procdff$793' with positive edge clock.
Creating register for signal `\SB_DFFR.\Q' using process `\SB_DFFR.$proc$/usr/bin/../share/yosys/ice40/cells_sim.v:406$270'.
  created $adff cell `$procdff$794' with positive edge clock and positive level reset.
Creating register for signal `\SB_DFFSR.\Q' using process `\SB_DFFSR.$proc$/usr/bin/../share/yosys/ice40/cells_sim.v:356$267'.
  created $dff cell `$procdff$795' with positive edge clock.
Creating register for signal `\SB_DFFE.\Q' using process `\SB_DFFE.$proc$/usr/bin/../share/yosys/ice40/cells_sim.v:311$265'.
  created $dff cell `$procdff$796' with positive edge clock.
Creating register for signal `\SB_DFF.\Q' using process `\SB_DFF.$proc$/usr/bin/../share/yosys/ice40/cells_sim.v:271$263'.
  created $dff cell `$procdff$797' with positive edge clock.

3.3.10. Executing PROC_MEMWR pass (convert process memory writes to cells).

3.3.11. Executing PROC_CLEAN pass (remove empty switches from decision trees).
Removing empty process `synth_harness.$proc$synth_harness.sv:443$486'.
Removing empty process `synth_harness.$proc$synth_harness.sv:29$478'.
Removing empty process `synth_harness.$proc$synth_harness.sv:18$477'.
Removing empty process `SB_DFFNES.$proc$/usr/bin/../share/yosys/ice40/cells_sim.v:0$338'.
Found and cleaned up 1 empty switch in `\SB_DFFNES.$proc$/usr/bin/../share/yosys/ice40/cells_sim.v:1414$335'.
Removing empty process `SB_DFFNES.$proc$/usr/bin/../share/yosys/ice40/cells_sim.v:1414$335'.
Removing empty process `SB_DFFNESS.$proc$/usr/bin/../share/yosys/ice40/cells_sim.v:0$334'.
Found and cleaned up 2 empty switches in `\SB_DFFNESS.$proc$/usr/bin/../share/yosys/ice40/cells_sim.v:1353$328'.
Removing empty process `SB_DFFNESS.$proc$/usr/bin/../share/yosys/ice40/cells_sim.v:1353$328'.
Removing empty process `SB_DFFNER.$proc$/usr/bin/../share/yosys/ice40/cells_sim.v:0$327'.
Found and cleaned up 1 empty switch in `\SB_DFFNER.$proc$/usr/bin/../share/yosys/ice40/cells_sim.v:1273$324'.
Removing empty process `SB_DFFNER.$proc$/usr/bin/../share/yosys/ice40/cells_sim.v:1273$324'.
Removing empty process `SB_DFFNESR.$proc$/usr/bin/../share/yosys/ice40/cells_sim.v:0$323'.
Found and cleaned up 2 empty switches in `\SB_DFFNESR.$proc$/usr/bin/../share/yosys/ice40/cells_sim.v:1212$317'.
Removing empty process `SB_DFFNESR.$proc$/usr/bin/../share/yosys/ice40/cells_sim.v:1212$317'.
Removing empty process `SB_DFFNS.$proc$/usr/bin/../share/yosys/ice40/cells_sim.v:0$316'.
Removing empty process `SB_DFFNS.$proc$/usr/bin/../share/yosys/ice40/cells_sim.v:1138$314'.
Removing empty process `SB_DFFNSS.$proc$/usr/bin/../share/yosys/ice40/cells_sim.v:0$313'.
Found and cleaned up 1 empty switch in `\SB_DFFNSS.$proc$/usr/bin/../share/yosys/ice40/cells_sim.v:1088$311'.
Removing empty process `SB_DFFNSS.$proc$/usr/bin/../share/yosys/ice40/cells_sim.v:1088$311'.
Removing empty process `SB_DFFNR.$proc$/usr/bin/../share/yosys/ice40/cells_sim.v:0$310'.
Removing empty process `SB_DFFNR.$proc$/usr/bin/../share/yosys/ice40/cells_sim.v:1017$308'.
Removing empty process `SB_DFFNSR.$proc$/usr/bin/../share/yosys/ice40/cells_sim.v:0$307'.
Found and cleaned up 1 empty switch in `\SB_DFFNSR.$proc$/usr/bin/../share/yosys/ice40/cells_sim.v:967$305'.
Removing empty process `SB_DFFNSR.$proc$/usr/bin/../share/yosys/ice40/cells_sim.v:967$305'.
Removing empty process `SB_DFFNE.$proc$/usr/bin/../share/yosys/ice40/cells_sim.v:0$304'.
Found and cleaned up 1 empty switch in `\SB_DFFNE.$proc$/usr/bin/../share/yosys/ice40/cells_sim.v:922$303'.
Removing empty process `SB_DFFNE.$proc$/usr/bin/../share/yosys/ice40/cells_sim.v:922$303'.
Removing empty process `SB_DFFN.$proc$/usr/bin/../share/yosys/ice40/cells_sim.v:0$302'.
Removing empty process `SB_DFFN.$proc$/usr/bin/../share/yosys/ice40/cells_sim.v:882$301'.
Removing empty process `SB_DFFES.$proc$/usr/bin/../share/yosys/ice40/cells_sim.v:0$300'.
Found and cleaned up 1 empty switch in `\SB_DFFES.$proc$/usr/bin/../share/yosys/ice40/cells_sim.v:803$297'.
Removing empty process `SB_DFFES.$proc$/usr/bin/../share/yosys/ice40/cells_sim.v:803$297'.
Removing empty process `SB_DFFESS.$proc$/usr/bin/../share/yosys/ice40/cells_sim.v:0$296'.
Found and cleaned up 2 empty switches in `\SB_DFFESS.$proc$/usr/bin/../share/yosys/ice40/cells_sim.v:742$290'.
Removing empty process `SB_DFFESS.$proc$/usr/bin/../share/yosys/ice40/cells_sim.v:742$290'.
Removing empty process `SB_DFFER.$proc$/usr/bin/../share/yosys/ice40/cells_sim.v:0$289'.
Found and cleaned up 1 empty switch in `\SB_DFFER.$proc$/usr/bin/../share/yosys/ice40/cells_sim.v:662$286'.
Removing empty process `SB_DFFER.$proc$/usr/bin/../share/yosys/ice40/cells_sim.v:662$286'.
Removing empty process `SB_DFFESR.$proc$/usr/bin/../share/yosys/ice40/cells_sim.v:0$285'.
Found and cleaned up 2 empty switches in `\SB_DFFESR.$proc$/usr/bin/../share/yosys/ice40/cells_sim.v:601$279'.
Removing empty process `SB_DFFESR.$proc$/usr/bin/../share/yosys/ice40/cells_sim.v:601$279'.
Removing empty process `SB_DFFS.$proc$/usr/bin/../share/yosys/ice40/cells_sim.v:0$278'.
Removing empty process `SB_DFFS.$proc$/usr/bin/../share/yosys/ice40/cells_sim.v:527$276'.
Removing empty process `SB_DFFSS.$proc$/usr/bin/../share/yosys/ice40/cells_sim.v:0$275'.
Found and cleaned up 1 empty switch in `\SB_DFFSS.$proc$/usr/bin/../share/yosys/ice40/cells_sim.v:477$273'.
Removing empty process `SB_DFFSS.$proc$/usr/bin/../share/yosys/ice40/cells_sim.v:477$273'.
Removing empty process `SB_DFFR.$proc$/usr/bin/../share/yosys/ice40/cells_sim.v:0$272'.
Removing empty process `SB_DFFR.$proc$/usr/bin/../share/yosys/ice40/cells_sim.v:406$270'.
Removing empty process `SB_DFFSR.$proc$/usr/bin/../share/yosys/ice40/cells_sim.v:0$269'.
Found and cleaned up 1 empty switch in `\SB_DFFSR.$proc$/usr/bin/../share/yosys/ice40/cells_sim.v:356$267'.
Removing empty process `SB_DFFSR.$proc$/usr/bin/../share/yosys/ice40/cells_sim.v:356$267'.
Removing empty process `SB_DFFE.$proc$/usr/bin/../share/yosys/ice40/cells_sim.v:0$266'.
Found and cleaned up 1 empty switch in `\SB_DFFE.$proc$/usr/bin/../share/yosys/ice40/cells_sim.v:311$265'.
Removing empty process `SB_DFFE.$proc$/usr/bin/../share/yosys/ice40/cells_sim.v:311$265'.
Removing empty process `SB_DFF.$proc$/usr/bin/../share/yosys/ice40/cells_sim.v:0$264'.
Removing empty process `SB_DFF.$proc$/usr/bin/../share/yosys/ice40/cells_sim.v:271$263'.
Found and cleaned up 35 empty switches in `\fpu_int_to_float.$proc$../../rtl/fpu_int_to_float.sv:0$17'.
Removing empty process `fpu_int_to_float.$proc$../../rtl/fpu_int_to_float.sv:0$17'.
Cleaned up 53 empty switches.

3.3.12. Executing OPT_EXPR pass (perform const folding).
Optimizing module synth_harness.
<suppressed ~1 debug messages>
Optimizing module fpu_int_to_float.
<suppressed ~34 debug messages>

3.4. Executing FLATTEN pass (flatten design).
Deleting now unused module fpu_int_to_float.
<suppressed ~1 debug messages>

3.5. Executing TRIBUF pass.

3.6. Executing DEMINOUT pass (demote inout ports to input or output).

3.7. Executing OPT_EXPR pass (perform const folding).
Optimizing module synth_harness.

3.8. Executing OPT_CLEAN pass (remove unused cells and wires).
Finding unused cells or wires in module \synth_harness..
Removed 10 unused cells and 164 unused wires.
<suppressed ~16 debug messages>

3.9. Executing CHECK pass (checking for obvious problems).
Checking module synth_harness...
Found and reported 0 problems.

3.10. Executing OPT pass (performing simple optimizations).

3.10.1. Executing OPT_EXPR pass (perform const folding).
Optimizing module synth_harness.

3.10.2. Executing OPT_MERGE pass (detect identical cells).
Finding identical cells in module `\synth_harness'.
Removed a total of 0 cells.

3.10.3. Executing OPT_MUXTREE pass (detect dead branches in mux trees).
Running muxtree optimizer on module \synth_harness..
  Creating internal representation of mux trees.
  Evaluating internal representation of mux trees.
  Analyzing evaluation results.
    dead port 1/2 on $mux $flatten\u_fpu_int_to_float.$procmux$535.
    dead port 1/2 on $mux $flatten\u_fpu_int_to_float.$procmux$739.
Removed 2 multiplexer ports.
<suppressed ~34 debug messages>

3.10.4. Executing OPT_REDUCE pass (consolidate $*mux and $reduce_* inputs).
  Optimizing cells in module \synth_harness.
Performed a total of 0 changes.

3.10.5. Executing OPT_MERGE pass (detect identical cells).
Finding identical cells in module `\synth_harness'.
Removed a total of 0 cells.

3.10.6. Executing OPT_DFF pass (perform DFF optimizations).

3.10.7. Executing OPT_CLEAN pass (remove unused cells and wires).
Finding unused cells or wires in module \synth_harness..
Removed 0 unused cells and 2 unused wires.
<suppressed ~1 debug messages>

3.10.8. Executing OPT_EXPR pass (perform const folding).
Optimizing module synth_harness.

3.10.9. Rerunning OPT passes. (Maybe there is more to do..)

3.10.10. Executing OPT_MUXTREE pass (detect dead branches in mux trees).
Running muxtree optimizer on module \synth_harness..
  Creating internal representation of mux trees.
  Evaluating internal representation of mux trees.
  Analyzing evaluation results.
Removed 0 multiplexer ports.
<suppressed ~34 debug messages>

3.10.11. Executing OPT_REDUCE pass (consolidate $*mux and $reduce_* inputs).
  Optimizing cells in module \synth_harness.
Performed a total of 0 changes.

3.10.12. Executing OPT_MERGE pass (detect identical cells).
Finding identical cells in module `\synth_harness'.
Removed a total of 0 cells.

3.10.13. Executing OPT_DFF pass (perform DFF optimizations).

3.10.14. Executing OPT_CLEAN pass (remove unused cells and wires).
Finding unused cells or wires in module \synth_harness..

3.10.15. Executing OPT_EXPR pass (perform const folding).
Optimizing module synth_harness.

3.10.16. Finished OPT passes. (There is nothing left to do.)

3.11. Executing FSM pass (extract and optimize FSM).

3.11.1. Executing FSM_DETECT pass (finding FSMs in design).

3.11.2. Executing FSM_EXTRACT pass (extracting FSM from design).

3.11.3. Executing FSM_OPT pass (simple optimizations of FSMs).

3.11.4. Executing OPT_CLEAN pass (remove unused cells and wires).
Finding unused cells or wires in module \synth_harness..

3.11.5. Executing FSM_OPT pass (simple optimizations of FSMs).

3.11.6. Executing FSM_RECODE pass (re-assigning FSM state encoding).

3.11.7. Executing FSM_INFO pass (dumping all available information on FSM cells).

3.11.8. Executing FSM_MAP pass (mapping FSMs to basic logic).

3.12. Executing OPT pass (performing simple optimizations).

3.12.1. Executing OPT_EXPR pass (perform const folding).
Optimizing module synth_harness.

3.12.2. Executing OPT_MERGE pass (detect identical cells).
Finding identical cells in module `\synth_harness'.
Removed a total of 0 cells.

3.12.3. Executing OPT_MUXTREE pass (detect dead branches in mux trees).
Running muxtree optimizer on module \synth_harness..
  Creating internal representation of mux trees.
  Evaluating internal representation of mux trees.
  Analyzing evaluation results.
Removed 0 multiplexer ports.
<suppressed ~34 debug messages>

3.12.4. Executing OPT_REDUCE pass (consolidate $*mux and $reduce_* inputs).
  Optimizing cells in module \synth_harness.
Performed a total of 0 changes.

3.12.5. Executing OPT_MERGE pass (detect identical cells).
Finding identical cells in module `\synth_harness'.
Removed a total of 0 cells.

3.12.6. Executing OPT_DFF pass (perform DFF optimizations).
Adding SRST signal on $procdff$762 ($dff) from module synth_harness (D = { $flatten\u_fpu_int_to_float.$2\sign[0:0] $flatten\u_fpu_int_to_float.$add$../../rtl/fpu_int_to_float.sv:48$87_Y $flatten\u_fpu_int_to_float.$2\mant[22:0] }, Q = \result_reg, rval = 0).

3.12.7. Executing OPT_CLEAN pass (remove unused cells and wires).
Finding unused cells or wires in module \synth_harness..
Removed 1 unused cells and 0 unused wires.
<suppressed ~1 debug messages>

3.12.8. Executing OPT_EXPR pass (perform const folding).
Optimizing module synth_harness.

3.12.9. Rerunning OPT passes. (Maybe there is more to do..)

3.12.10. Executing OPT_MUXTREE pass (detect dead branches in mux trees).
Running muxtree optimizer on module \synth_harness..
  Creating internal representation of mux trees.
  Evaluating internal representation of mux trees.
  Analyzing evaluation results.
Removed 0 multiplexer ports.
<suppressed ~35 debug messages>

3.12.11. Executing OPT_REDUCE pass (consolidate $*mux and $reduce_* inputs).
  Optimizing cells in module \synth_harness.
Performed a total of 0 changes.

3.12.12. Executing OPT_MERGE pass (detect identical cells).
Finding identical cells in module `\synth_harness'.
Removed a total of 0 cells.

3.12.13. Executing OPT_DFF pass (perform DFF optimizations).

3.12.14. Executing OPT_CLEAN pass (remove unused cells and wires).
Finding unused cells or wires in module \synth_harness..

3.12.15. Executing OPT_EXPR pass (perform const folding).
Optimizing module synth_harness.

3.12.16. Finished OPT passes. (There is nothing left to do.)

3.13. Executing WREDUCE pass (reducing word size of cells).
Removed top 24 bits (of 32) from FF cell synth_harness.$auto$ff.cc:266:slice$800 ($sdff).
Removed cell synth_harness.$flatten\u_fpu_int_to_float.$procmux$736 ($mux).
Removed top 3 bits (of 8) from mux cell synth_harness.$flatten\u_fpu_int_to_float.$procmux$724 ($mux).
Removed top 15 bits (of 23) from mux cell synth_harness.$flatten\u_fpu_int_to_float.$procmux$532 ($mux).
Removed top 15 bits (of 23) from port Y of cell synth_harness.$flatten\u_fpu_int_to_float.$shl$../../rtl/fpu_int_to_float.sv:55$94 ($shl).
Removed top 27 bits (of 32) from port A of cell synth_harness.$flatten\u_fpu_int_to_float.$sub$../../rtl/fpu_int_to_float.sv:55$93 ($sub).
Removed top 23 bits (of 32) from port Y of cell synth_harness.$flatten\u_fpu_int_to_float.$sub$../../rtl/fpu_int_to_float.sv:55$93 ($sub).
Removed top 15 bits (of 23) from port Y of cell synth_harness.$flatten\u_fpu_int_to_float.$shiftx$../../rtl/fpu_int_to_float.sv:0$92 ($shiftx).
Removed top 27 bits (of 32) from port B of cell synth_harness.$flatten\u_fpu_int_to_float.$sub$../../rtl/fpu_int_to_float.sv:0$91 ($sub).
Removed top 31 bits (of 32) from port B of cell synth_harness.$flatten\u_fpu_int_to_float.$add$../../rtl/fpu_int_to_float.sv:0$90 ($add).
Removed top 31 bits (of 32) from port B of cell synth_harness.$flatten\u_fpu_int_to_float.$sub$../../rtl/fpu_int_to_float.sv:52$89 ($sub).
Removed top 23 bits (of 32) from port Y of cell synth_harness.$flatten\u_fpu_int_to_float.$sub$../../rtl/fpu_int_to_float.sv:52$89 ($sub).
Removed top 27 bits (of 32) from port B of cell synth_harness.$flatten\u_fpu_int_to_float.$ge$../../rtl/fpu_int_to_float.sv:51$88 ($ge).
Removed top 1 bits (of 8) from port A of cell synth_harness.$flatten\u_fpu_int_to_float.$add$../../rtl/fpu_int_to_float.sv:48$87 ($add).
Removed cell synth_harness.$flatten\u_fpu_int_to_float.$add$../../rtl/fpu_int_to_float.sv:48$87 ($add).
Removed top 15 bits (of 23) from wire synth_harness.$flatten\u_fpu_int_to_float.$2\mant[22:0].
Removed top 3 bits (of 8) from wire synth_harness.$flatten\u_fpu_int_to_float.$procmux$724_Y.
Removed top 15 bits (of 23) from wire synth_harness.$flatten\u_fpu_int_to_float.$shiftx$../../rtl/fpu_int_to_float.sv:0$92_Y.
Removed top 15 bits (of 23) from wire synth_harness.$flatten\u_fpu_int_to_float.$shl$../../rtl/fpu_int_to_float.sv:55$94_Y.

3.14. Executing PEEPOPT pass (run peephole optimizers).

3.15. Executing OPT_CLEAN pass (remove unused cells and wires).
Finding unused cells or wires in module \synth_harness..
Removed 0 unused cells and 6 unused wires.
<suppressed ~1 debug messages>

3.16. Executing SHARE pass (SAT-based resource sharing).

3.17. Executing TECHMAP pass (map to technology primitives).

3.17.1. Executing Verilog-2005 frontend: /usr/bin/../share/yosys/cmp2lut.v
Parsing Verilog input from `/usr/bin/../share/yosys/cmp2lut.v' to AST representation.
Generating RTLIL representation for module `\_90_lut_cmp_'.
Successfully finished Verilog frontend.

3.17.2. Continuing TECHMAP pass.
No more expansions possible.
<suppressed ~36 debug messages>

3.18. Executing OPT_EXPR pass (perform const folding).
Optimizing module synth_harness.

3.19. Executing OPT_CLEAN pass (remove unused cells and wires).
Finding unused cells or wires in module \synth_harness..

3.20. Executing ALUMACC pass (create $alu and $macc cells).
Extracting $alu and $macc cells in module synth_harness:
  creating $macc model for $add$synth_harness.sv:41$485 ($add).
  creating $macc model for $flatten\u_fpu_int_to_float.$add$../../rtl/fpu_int_to_float.sv:0$90 ($add).
  creating $macc model for $flatten\u_fpu_int_to_float.$neg$../../rtl/fpu_int_to_float.sv:33$22 ($neg).
  creating $macc model for $flatten\u_fpu_int_to_float.$sub$../../rtl/fpu_int_to_float.sv:0$91 ($sub).
  creating $macc model for $flatten\u_fpu_int_to_float.$sub$../../rtl/fpu_int_to_float.sv:52$89 ($sub).
  creating $macc model for $flatten\u_fpu_int_to_float.$sub$../../rtl/fpu_int_to_float.sv:55$93 ($sub).
  merging $macc model for $flatten\u_fpu_int_to_float.$add$../../rtl/fpu_int_to_float.sv:0$90 into $flatten\u_fpu_int_to_float.$sub$../../rtl/fpu_int_to_float.sv:0$91.
  creating $alu model for $macc $flatten\u_fpu_int_to_float.$sub$../../rtl/fpu_int_to_float.sv:52$89.
  creating $alu model for $macc $flatten\u_fpu_int_to_float.$neg$../../rtl/fpu_int_to_float.sv:33$22.
  creating $alu model for $macc $flatten\u_fpu_int_to_float.$sub$../../rtl/fpu_int_to_float.sv:55$93.
  creating $alu model for $macc $add$synth_harness.sv:41$485.
  creating $macc cell for $flatten\u_fpu_int_to_float.$sub$../../rtl/fpu_int_to_float.sv:0$91: $auto$alumacc.cc:365:replace_macc$806
  creating $alu model for $flatten\u_fpu_int_to_float.$ge$../../rtl/fpu_int_to_float.sv:51$88 ($ge): merged with $flatten\u_fpu_int_to_float.$sub$../../rtl/fpu_int_to_float.sv:55$93.
  creating $alu cell for $add$synth_harness.sv:41$485: $auto$alumacc.cc:485:replace_alu$807
  creating $alu cell for $flatten\u_fpu_int_to_float.$sub$../../rtl/fpu_int_to_float.sv:55$93, $flatten\u_fpu_int_to_float.$ge$../../rtl/fpu_int_to_float.sv:51$88: $auto$alumacc.cc:485:replace_alu$810
  creating $alu cell for $flatten\u_fpu_int_to_float.$neg$../../rtl/fpu_int_to_float.sv:33$22: $auto$alumacc.cc:485:replace_alu$819
  creating $alu cell for $flatten\u_fpu_int_to_float.$sub$../../rtl/fpu_int_to_float.sv:52$89: $auto$alumacc.cc:485:replace_alu$822
  created 4 $alu and 1 $macc cells.

3.21. Executing OPT pass (performing simple optimizations).

3.21.1. Executing OPT_EXPR pass (perform const folding).
Optimizing module synth_harness.

3.21.2. Executing OPT_MERGE pass (detect identical cells).
Finding identical cells in module `\synth_harness'.
Removed a total of 0 cells.

3.21.3. Executing OPT_MUXTREE pass (detect dead branches in mux trees).
Running muxtree optimizer on module \synth_harness..
  Creating internal representation of mux trees.
  Evaluating internal representation of mux trees.
  Analyzing evaluation results.
Removed 0 multiplexer ports.
<suppressed ~34 debug messages>

3.21.4. Executing OPT_REDUCE pass (consolidate $*mux and $reduce_* inputs).
  Optimizing cells in module \synth_harness.
Performed a total of 0 changes.

3.21.5. Executing OPT_MERGE pass (detect identical cells).
Finding identical cells in module `\synth_harness'.
Removed a total of 0 cells.

3.21.6. Executing OPT_DFF pass (perform DFF optimizations).

3.21.7. Executing OPT_CLEAN pass (remove unused cells and wires).
Finding unused cells or wires in module \synth_harness..
Removed 1 unused cells and 2 unused wires.
<suppressed ~2 debug messages>

3.21.8. Executing OPT_EXPR pass (perform const folding).
Optimizing module synth_harness.

3.21.9. Rerunning OPT passes. (Maybe there is more to do..)

3.21.10. Executing OPT_MUXTREE pass (detect dead branches in mux trees).
Running muxtree optimizer on module \synth_harness..
  Creating internal representation of mux trees.
  Evaluating internal representation of mux trees.
  Analyzing evaluation results.
Removed 0 multiplexer ports.
<suppressed ~34 debug messages>

3.21.11. Executing OPT_REDUCE pass (consolidate $*mux and $reduce_* inputs).
  Optimizing cells in module \synth_harness.
Performed a total of 0 changes.

3.21.12. Executing OPT_MERGE pass (detect identical cells).
Finding identical cells in module `\synth_harness'.
Removed a total of 0 cells.

3.21.13. Executing OPT_DFF pass (perform DFF optimizations).

3.21.14. Executing OPT_CLEAN pass (remove unused cells and wires).
Finding unused cells or wires in module \synth_harness..

3.21.15. Executing OPT_EXPR pass (perform const folding).
Optimizing module synth_harness.

3.21.16. Finished OPT passes. (There is nothing left to do.)

3.22. Executing MEMORY pass.

3.22.1. Executing OPT_MEM pass (optimize memories).
Performed a total of 0 transformations.

3.22.2. Executing OPT_MEM_PRIORITY pass (removing unnecessary memory write priority relations).
Performed a total of 0 transformations.

3.22.3. Executing OPT_MEM_FEEDBACK pass (finding memory read-to-write feedback paths).

3.22.4. Executing MEMORY_BMUX2ROM pass (converting muxes to ROMs).

3.22.5. Executing MEMORY_DFF pass (merging $dff cells to $memrd).

3.22.6. Executing OPT_CLEAN pass (remove unused cells and wires).
Finding unused cells or wires in module \synth_harness..

3.22.7. Executing MEMORY_SHARE pass (consolidating $memrd/$memwr cells).

3.22.8. Executing OPT_MEM_WIDEN pass (optimize memories where all ports are wide).
Performed a total of 0 transformations.

3.22.9. Executing OPT_CLEAN pass (remove unused cells and wires).
Finding unused cells or wires in module \synth_harness..

3.22.10. Executing MEMORY_COLLECT pass (generating $mem cells).

3.23. Executing OPT_CLEAN pass (remove unused cells and wires).
Finding unused cells or wires in module \synth_harness..

3.24. Executing MEMORY_LIBMAP pass (mapping memories to cells).

3.25. Executing TECHMAP pass (map to technology primitives).

3.25.1. Executing Verilog-2005 frontend: /usr/bin/../share/yosys/ice40/brams_map.v
Parsing Verilog input from `/usr/bin/../share/yosys/ice40/brams_map.v' to AST representation.
Generating RTLIL representation for module `\$__ICE40_RAM4K_'.
Successfully finished Verilog frontend.

3.25.2. Executing Verilog-2005 frontend: /usr/bin/../share/yosys/ice40/spram_map.v
Parsing Verilog input from `/usr/bin/../share/yosys/ice40/spram_map.v' to AST representation.
Generating RTLIL representation for module `\$__ICE40_SPRAM_'.
Successfully finished Verilog frontend.

3.25.3. Continuing TECHMAP pass.
No more expansions possible.
<suppressed ~4 debug messages>

3.26. Executing ICE40_BRAMINIT pass.

3.27. Executing OPT pass (performing simple optimizations).

3.27.1. Executing OPT_EXPR pass (perform const folding).
Optimizing module synth_harness.
<suppressed ~81 debug messages>

3.27.2. Executing OPT_MERGE pass (detect identical cells).
Finding identical cells in module `\synth_harness'.
Removed a total of 0 cells.

3.27.3. Executing OPT_DFF pass (perform DFF optimizations).

3.27.4. Executing OPT_CLEAN pass (remove unused cells and wires).
Finding unused cells or wires in module \synth_harness..
Removed 0 unused cells and 33 unused wires.
<suppressed ~1 debug messages>

3.27.5. Finished fast OPT passes.

3.28. Executing MEMORY_MAP pass (converting memories to logic and flip-flops).

3.29. Executing OPT pass (performing simple optimizations).

3.29.1. Executing OPT_EXPR pass (perform const folding).
Optimizing module synth_harness.

3.29.2. Executing OPT_MERGE pass (detect identical cells).
Finding identical cells in module `\synth_harness'.
Removed a total of 0 cells.

3.29.3. Executing OPT_MUXTREE pass (detect dead branches in mux trees).
Running muxtree optimizer on module \synth_harness..
  Creating internal representation of mux trees.
  Evaluating internal representation of mux trees.
  Analyzing evaluation results.
Removed 0 multiplexer ports.
<suppressed ~34 debug messages>

3.29.4. Executing OPT_REDUCE pass (consolidate $*mux and $reduce_* inputs).
  Optimizing cells in module \synth_harness.
    Consolidated identical input bits for $mux cell $flatten\u_fpu_int_to_float.$procmux$718:
      Old ports: A={ 3'000 $auto$wreduce.cc:461:run$802 [4:0] }, B=8'00011110, Y=$flatten\u_fpu_int_to_float.$3\msb_pos[7:0]
      New ports: A=$auto$wreduce.cc:461:run$802 [4:0], B=5'11110, Y=$flatten\u_fpu_int_to_float.$3\msb_pos[7:0] [4:0]
      New connections: $flatten\u_fpu_int_to_float.$3\msb_pos[7:0] [7:5] = 3'000
    Consolidated identical input bits for $mux cell $flatten\u_fpu_int_to_float.$procmux$724:
      Old ports: A=5'00000, B=5'11111, Y=$auto$wreduce.cc:461:run$802 [4:0]
      New ports: A=1'0, B=1'1, Y=$auto$wreduce.cc:461:run$802 [0]
      New connections: $auto$wreduce.cc:461:run$802 [4:1] = { $auto$wreduce.cc:461:run$802 [0] $auto$wreduce.cc:461:run$802 [0] $auto$wreduce.cc:461:run$802 [0] $auto$wreduce.cc:461:run$802 [0] }
  Optimizing cells in module \synth_harness.
    Consolidated identical input bits for $mux cell $flatten\u_fpu_int_to_float.$procmux$712:
      Old ports: A=$flatten\u_fpu_int_to_float.$3\msb_pos[7:0], B=8'00011101, Y=$flatten\u_fpu_int_to_float.$4\msb_pos[7:0]
      New ports: A=$flatten\u_fpu_int_to_float.$3\msb_pos[7:0] [4:0], B=5'11101, Y=$flatten\u_fpu_int_to_float.$4\msb_pos[7:0] [4:0]
      New connections: $flatten\u_fpu_int_to_float.$4\msb_pos[7:0] [7:5] = 3'000
    Consolidated identical input bits for $mux cell $flatten\u_fpu_int_to_float.$procmux$718:
      Old ports: A=$auto$wreduce.cc:461:run$802 [4:0], B=5'11110, Y=$flatten\u_fpu_int_to_float.$3\msb_pos[7:0] [4:0]
      New ports: A={ $auto$wreduce.cc:461:run$802 [0] $auto$wreduce.cc:461:run$802 [0] }, B=2'10, Y=$flatten\u_fpu_int_to_float.$3\msb_pos[7:0] [1:0]
      New connections: $flatten\u_fpu_int_to_float.$3\msb_pos[7:0] [4:2] = { $flatten\u_fpu_int_to_float.$3\msb_pos[7:0] [1] $flatten\u_fpu_int_to_float.$3\msb_pos[7:0] [1] $flatten\u_fpu_int_to_float.$3\msb_pos[7:0] [1] }
  Optimizing cells in module \synth_harness.
    Consolidated identical input bits for $mux cell $flatten\u_fpu_int_to_float.$procmux$706:
      Old ports: A=$flatten\u_fpu_int_to_float.$4\msb_pos[7:0], B=8'00011100, Y=$flatten\u_fpu_int_to_float.$5\msb_pos[7:0]
      New ports: A=$flatten\u_fpu_int_to_float.$4\msb_pos[7:0] [4:0], B=5'11100, Y=$flatten\u_fpu_int_to_float.$5\msb_pos[7:0] [4:0]
      New connections: $flatten\u_fpu_int_to_float.$5\msb_pos[7:0] [7:5] = 3'000
    Consolidated identical input bits for $mux cell $flatten\u_fpu_int_to_float.$procmux$712:
      Old ports: A=$flatten\u_fpu_int_to_float.$3\msb_pos[7:0] [4:0], B=5'11101, Y=$flatten\u_fpu_int_to_float.$4\msb_pos[7:0] [4:0]
      New ports: A={ $flatten\u_fpu_int_to_float.$3\msb_pos[7:0] [1] $flatten\u_fpu_int_to_float.$3\msb_pos[7:0] [1:0] }, B=3'101, Y=$flatten\u_fpu_int_to_float.$4\msb_pos[7:0] [2:0]
      New connections: $flatten\u_fpu_int_to_float.$4\msb_pos[7:0] [4:3] = { $flatten\u_fpu_int_to_float.$4\msb_pos[7:0] [2] $flatten\u_fpu_int_to_float.$4\msb_pos[7:0] [2] }
  Optimizing cells in module \synth_harness.
    Consolidated identical input bits for $mux cell $flatten\u_fpu_int_to_float.$procmux$700:
      Old ports: A=$flatten\u_fpu_int_to_float.$5\msb_pos[7:0], B=8'00011011, Y=$flatten\u_fpu_int_to_float.$6\msb_pos[7:0]
      New ports: A=$flatten\u_fpu_int_to_float.$5\msb_pos[7:0] [4:0], B=5'11011, Y=$flatten\u_fpu_int_to_float.$6\msb_pos[7:0] [4:0]
      New connections: $flatten\u_fpu_int_to_float.$6\msb_pos[7:0] [7:5] = 3'000
    Consolidated identical input bits for $mux cell $flatten\u_fpu_int_to_float.$procmux$706:
      Old ports: A=$flatten\u_fpu_int_to_float.$4\msb_pos[7:0] [4:0], B=5'11100, Y=$flatten\u_fpu_int_to_float.$5\msb_pos[7:0] [4:0]
      New ports: A=$flatten\u_fpu_int_to_float.$4\msb_pos[7:0] [2:0], B=3'100, Y=$flatten\u_fpu_int_to_float.$5\msb_pos[7:0] [2:0]
      New connections: $flatten\u_fpu_int_to_float.$5\msb_pos[7:0] [4:3] = { $flatten\u_fpu_int_to_float.$5\msb_pos[7:0] [2] $flatten\u_fpu_int_to_float.$5\msb_pos[7:0] [2] }
  Optimizing cells in module \synth_harness.
    Consolidated identical input bits for $mux cell $flatten\u_fpu_int_to_float.$procmux$694:
      Old ports: A=$flatten\u_fpu_int_to_float.$6\msb_pos[7:0], B=8'00011010, Y=$flatten\u_fpu_int_to_float.$7\msb_pos[7:0]
      New ports: A=$flatten\u_fpu_int_to_float.$6\msb_pos[7:0] [4:0], B=5'11010, Y=$flatten\u_fpu_int_to_float.$7\msb_pos[7:0] [4:0]
      New connections: $flatten\u_fpu_int_to_float.$7\msb_pos[7:0] [7:5] = 3'000
    Consolidated identical input bits for $mux cell $flatten\u_fpu_int_to_float.$procmux$700:
      Old ports: A=$flatten\u_fpu_int_to_float.$5\msb_pos[7:0] [4:0], B=5'11011, Y=$flatten\u_fpu_int_to_float.$6\msb_pos[7:0] [4:0]
      New ports: A={ $flatten\u_fpu_int_to_float.$5\msb_pos[7:0] [2] $flatten\u_fpu_int_to_float.$5\msb_pos[7:0] [2:0] }, B=4'1011, Y=$flatten\u_fpu_int_to_float.$6\msb_pos[7:0] [3:0]
      New connections: $flatten\u_fpu_int_to_float.$6\msb_pos[7:0] [4] = $flatten\u_fpu_int_to_float.$6\msb_pos[7:0] [3]
  Optimizing cells in module \synth_harness.
    Consolidated identical input bits for $mux cell $flatten\u_fpu_int_to_float.$procmux$688:
      Old ports: A=$flatten\u_fpu_int_to_float.$7\msb_pos[7:0], B=8'00011001, Y=$flatten\u_fpu_int_to_float.$8\msb_pos[7:0]
      New ports: A=$flatten\u_fpu_int_to_float.$7\msb_pos[7:0] [4:0], B=5'11001, Y=$flatten\u_fpu_int_to_float.$8\msb_pos[7:0] [4:0]
      New connections: $flatten\u_fpu_int_to_float.$8\msb_pos[7:0] [7:5] = 3'000
    Consolidated identical input bits for $mux cell $flatten\u_fpu_int_to_float.$procmux$694:
      Old ports: A=$flatten\u_fpu_int_to_float.$6\msb_pos[7:0] [4:0], B=5'11010, Y=$flatten\u_fpu_int_to_float.$7\msb_pos[7:0] [4:0]
      New ports: A=$flatten\u_fpu_int_to_float.$6\msb_pos[7:0] [3:0], B=4'1010, Y=$flatten\u_fpu_int_to_float.$7\msb_pos[7:0] [3:0]
      New connections: $flatten\u_fpu_int_to_float.$7\msb_pos[7:0] [4] = $flatten\u_fpu_int_to_float.$7\msb_pos[7:0] [3]
  Optimizing cells in module \synth_harness.
    Consolidated identical input bits for $mux cell $flatten\u_fpu_int_to_float.$procmux$682:
      Old ports: A=$flatten\u_fpu_int_to_float.$8\msb_pos[7:0], B=8'00011000, Y=$flatten\u_fpu_int_to_float.$9\msb_pos[7:0]
      New ports: A=$flatten\u_fpu_int_to_float.$8\msb_pos[7:0] [4:0], B=5'11000, Y=$flatten\u_fpu_int_to_float.$9\msb_pos[7:0] [4:0]
      New connections: $flatten\u_fpu_int_to_float.$9\msb_pos[7:0] [7:5] = 3'000
    Consolidated identical input bits for $mux cell $flatten\u_fpu_int_to_float.$procmux$688:
      Old ports: A=$flatten\u_fpu_int_to_float.$7\msb_pos[7:0] [4:0], B=5'11001, Y=$flatten\u_fpu_int_to_float.$8\msb_pos[7:0] [4:0]
      New ports: A=$flatten\u_fpu_int_to_float.$7\msb_pos[7:0] [3:0], B=4'1001, Y=$flatten\u_fpu_int_to_float.$8\msb_pos[7:0] [3:0]
      New connections: $flatten\u_fpu_int_to_float.$8\msb_pos[7:0] [4] = $flatten\u_fpu_int_to_float.$8\msb_pos[7:0] [3]
  Optimizing cells in module \synth_harness.
    Consolidated identical input bits for $mux cell $flatten\u_fpu_int_to_float.$procmux$676:
      Old ports: A=$flatten\u_fpu_int_to_float.$9\msb_pos[7:0], B=8'00010111, Y=$flatten\u_fpu_int_to_float.$10\msb_pos[7:0]
      New ports: A=$flatten\u_fpu_int_to_float.$9\msb_pos[7:0] [4:0], B=5'10111, Y=$flatten\u_fpu_int_to_float.$10\msb_pos[7:0] [4:0]
      New connections: $flatten\u_fpu_int_to_float.$10\msb_pos[7:0] [7:5] = 3'000
    Consolidated identical input bits for $mux cell $flatten\u_fpu_int_to_float.$procmux$682:
      Old ports: A=$flatten\u_fpu_int_to_float.$8\msb_pos[7:0] [4:0], B=5'11000, Y=$flatten\u_fpu_int_to_float.$9\msb_pos[7:0] [4:0]
      New ports: A=$flatten\u_fpu_int_to_float.$8\msb_pos[7:0] [3:0], B=4'1000, Y=$flatten\u_fpu_int_to_float.$9\msb_pos[7:0] [3:0]
      New connections: $flatten\u_fpu_int_to_float.$9\msb_pos[7:0] [4] = $flatten\u_fpu_int_to_float.$9\msb_pos[7:0] [3]
  Optimizing cells in module \synth_harness.
    Consolidated identical input bits for $mux cell $flatten\u_fpu_int_to_float.$procmux$670:
      Old ports: A=$flatten\u_fpu_int_to_float.$10\msb_pos[7:0], B=8'00010110, Y=$flatten\u_fpu_int_to_float.$11\msb_pos[7:0]
      New ports: A=$flatten\u_fpu_int_to_float.$10\msb_pos[7:0] [4:0], B=5'10110, Y=$flatten\u_fpu_int_to_float.$11\msb_pos[7:0] [4:0]
      New connections: $flatten\u_fpu_int_to_float.$11\msb_pos[7:0] [7:5] = 3'000
  Optimizing cells in module \synth_harness.
    Consolidated identical input bits for $mux cell $flatten\u_fpu_int_to_float.$procmux$664:
      Old ports: A=$flatten\u_fpu_int_to_float.$11\msb_pos[7:0], B=8'00010101, Y=$flatten\u_fpu_int_to_float.$12\msb_pos[7:0]
      New ports: A=$flatten\u_fpu_int_to_float.$11\msb_pos[7:0] [4:0], B=5'10101, Y=$flatten\u_fpu_int_to_float.$12\msb_pos[7:0] [4:0]
      New connections: $flatten\u_fpu_int_to_float.$12\msb_pos[7:0] [7:5] = 3'000
  Optimizing cells in module \synth_harness.
    Consolidated identical input bits for $mux cell $flatten\u_fpu_int_to_float.$procmux$658:
      Old ports: A=$flatten\u_fpu_int_to_float.$12\msb_pos[7:0], B=8'00010100, Y=$flatten\u_fpu_int_to_float.$13\msb_pos[7:0]
      New ports: A=$flatten\u_fpu_int_to_float.$12\msb_pos[7:0] [4:0], B=5'10100, Y=$flatten\u_fpu_int_to_float.$13\msb_pos[7:0] [4:0]
      New connections: $flatten\u_fpu_int_to_float.$13\msb_pos[7:0] [7:5] = 3'000
  Optimizing cells in module \synth_harness.
    Consolidated identical input bits for $mux cell $flatten\u_fpu_int_to_float.$procmux$652:
      Old ports: A=$flatten\u_fpu_int_to_float.$13\msb_pos[7:0], B=8'00010011, Y=$flatten\u_fpu_int_to_float.$14\msb_pos[7:0]
      New ports: A=$flatten\u_fpu_int_to_float.$13\msb_pos[7:0] [4:0], B=5'10011, Y=$flatten\u_fpu_int_to_float.$14\msb_pos[7:0] [4:0]
      New connections: $flatten\u_fpu_int_to_float.$14\msb_pos[7:0] [7:5] = 3'000
  Optimizing cells in module \synth_harness.
    Consolidated identical input bits for $mux cell $flatten\u_fpu_int_to_float.$procmux$646:
      Old ports: A=$flatten\u_fpu_int_to_float.$14\msb_pos[7:0], B=8'00010010, Y=$flatten\u_fpu_int_to_float.$15\msb_pos[7:0]
      New ports: A=$flatten\u_fpu_int_to_float.$14\msb_pos[7:0] [4:0], B=5'10010, Y=$flatten\u_fpu_int_to_float.$15\msb_pos[7:0] [4:0]
      New connections: $flatten\u_fpu_int_to_float.$15\msb_pos[7:0] [7:5] = 3'000
  Optimizing cells in module \synth_harness.
    Consolidated identical input bits for $mux cell $flatten\u_fpu_int_to_float.$procmux$640:
      Old ports: A=$flatten\u_fpu_int_to_float.$15\msb_pos[7:0], B=8'00010001, Y=$flatten\u_fpu_int_to_float.$16\msb_pos[7:0]
      New ports: A=$flatten\u_fpu_int_to_float.$15\msb_pos[7:0] [4:0], B=5'10001, Y=$flatten\u_fpu_int_to_float.$16\msb_pos[7:0] [4:0]
      New connections: $flatten\u_fpu_int_to_float.$16\msb_pos[7:0] [7:5] = 3'000
  Optimizing cells in module \synth_harness.
    Consolidated identical input bits for $mux cell $flatten\u_fpu_int_to_float.$procmux$634:
      Old ports: A=$flatten\u_fpu_int_to_float.$16\msb_pos[7:0], B=8'00010000, Y=$flatten\u_fpu_int_to_float.$17\msb_pos[7:0]
      New ports: A=$flatten\u_fpu_int_to_float.$16\msb_pos[7:0] [4:0], B=5'10000, Y=$flatten\u_fpu_int_to_float.$17\msb_pos[7:0] [4:0]
      New connections: $flatten\u_fpu_int_to_float.$17\msb_pos[7:0] [7:5] = 3'000
  Optimizing cells in module \synth_harness.
    Consolidated identical input bits for $mux cell $flatten\u_fpu_int_to_float.$procmux$628:
      Old ports: A=$flatten\u_fpu_int_to_float.$17\msb_pos[7:0], B=8'00001111, Y=$flatten\u_fpu_int_to_float.$18\msb_pos[7:0]
      New ports: A=$flatten\u_fpu_int_to_float.$17\msb_pos[7:0] [4:0], B=5'01111, Y=$flatten\u_fpu_int_to_float.$18\msb_pos[7:0] [4:0]
      New connections: $flatten\u_fpu_int_to_float.$18\msb_pos[7:0] [7:5] = 3'000
  Optimizing cells in module \synth_harness.
    Consolidated identical input bits for $mux cell $flatten\u_fpu_int_to_float.$procmux$622:
      Old ports: A=$flatten\u_fpu_int_to_float.$18\msb_pos[7:0], B=8'00001110, Y=$flatten\u_fpu_int_to_float.$19\msb_pos[7:0]
      New ports: A=$flatten\u_fpu_int_to_float.$18\msb_pos[7:0] [4:0], B=5'01110, Y=$flatten\u_fpu_int_to_float.$19\msb_pos[7:0] [4:0]
      New connections: $flatten\u_fpu_int_to_float.$19\msb_pos[7:0] [7:5] = 3'000
  Optimizing cells in module \synth_harness.
    Consolidated identical input bits for $mux cell $flatten\u_fpu_int_to_float.$procmux$616:
      Old ports: A=$flatten\u_fpu_int_to_float.$19\msb_pos[7:0], B=8'00001101, Y=$flatten\u_fpu_int_to_float.$20\msb_pos[7:0]
      New ports: A=$flatten\u_fpu_int_to_float.$19\msb_pos[7:0] [4:0], B=5'01101, Y=$flatten\u_fpu_int_to_float.$20\msb_pos[7:0] [4:0]
      New connections: $flatten\u_fpu_int_to_float.$20\msb_pos[7:0] [7:5] = 3'000
  Optimizing cells in module \synth_harness.
    Consolidated identical input bits for $mux cell $flatten\u_fpu_int_to_float.$procmux$610:
      Old ports: A=$flatten\u_fpu_int_to_float.$20\msb_pos[7:0], B=8'00001100, Y=$flatten\u_fpu_int_to_float.$21\msb_pos[7:0]
      New ports: A=$flatten\u_fpu_int_to_float.$20\msb_pos[7:0] [4:0], B=5'01100, Y=$flatten\u_fpu_int_to_float.$21\msb_pos[7:0] [4:0]
      New connections: $flatten\u_fpu_int_to_float.$21\msb_pos[7:0] [7:5] = 3'000
  Optimizing cells in module \synth_harness.
    Consolidated identical input bits for $mux cell $flatten\u_fpu_int_to_float.$procmux$604:
      Old ports: A=$flatten\u_fpu_int_to_float.$21\msb_pos[7:0], B=8'00001011, Y=$flatten\u_fpu_int_to_float.$22\msb_pos[7:0]
      New ports: A=$flatten\u_fpu_int_to_float.$21\msb_pos[7:0] [4:0], B=5'01011, Y=$flatten\u_fpu_int_to_float.$22\msb_pos[7:0] [4:0]
      New connections: $flatten\u_fpu_int_to_float.$22\msb_pos[7:0] [7:5] = 3'000
  Optimizing cells in module \synth_harness.
    Consolidated identical input bits for $mux cell $flatten\u_fpu_int_to_float.$procmux$598:
      Old ports: A=$flatten\u_fpu_int_to_float.$22\msb_pos[7:0], B=8'00001010, Y=$flatten\u_fpu_int_to_float.$23\msb_pos[7:0]
      New ports: A=$flatten\u_fpu_int_to_float.$22\msb_pos[7:0] [4:0], B=5'01010, Y=$flatten\u_fpu_int_to_float.$23\msb_pos[7:0] [4:0]
      New connections: $flatten\u_fpu_int_to_float.$23\msb_pos[7:0] [7:5] = 3'000
  Optimizing cells in module \synth_harness.
    Consolidated identical input bits for $mux cell $flatten\u_fpu_int_to_float.$procmux$592:
      Old ports: A=$flatten\u_fpu_int_to_float.$23\msb_pos[7:0], B=8'00001001, Y=$flatten\u_fpu_int_to_float.$24\msb_pos[7:0]
      New ports: A=$flatten\u_fpu_int_to_float.$23\msb_pos[7:0] [4:0], B=5'01001, Y=$flatten\u_fpu_int_to_float.$24\msb_pos[7:0] [4:0]
      New connections: $flatten\u_fpu_int_to_float.$24\msb_pos[7:0] [7:5] = 3'000
  Optimizing cells in module \synth_harness.
    Consolidated identical input bits for $mux cell $flatten\u_fpu_int_to_float.$procmux$586:
      Old ports: A=$flatten\u_fpu_int_to_float.$24\msb_pos[7:0], B=8'00001000, Y=$flatten\u_fpu_int_to_float.$25\msb_pos[7:0]
      New ports: A=$flatten\u_fpu_int_to_float.$24\msb_pos[7:0] [4:0], B=5'01000, Y=$flatten\u_fpu_int_to_float.$25\msb_pos[7:0] [4:0]
      New connections: $flatten\u_fpu_int_to_float.$25\msb_pos[7:0] [7:5] = 3'000
  Optimizing cells in module \synth_harness.
    Consolidated identical input bits for $mux cell $flatten\u_fpu_int_to_float.$procmux$580:
      Old ports: A=$flatten\u_fpu_int_to_float.$25\msb_pos[7:0], B=8'00000111, Y=$flatten\u_fpu_int_to_float.$26\msb_pos[7:0]
      New ports: A=$flatten\u_fpu_int_to_float.$25\msb_pos[7:0] [4:0], B=5'00111, Y=$flatten\u_fpu_int_to_float.$26\msb_pos[7:0] [4:0]
      New connections: $flatten\u_fpu_int_to_float.$26\msb_pos[7:0] [7:5] = 3'000
  Optimizing cells in module \synth_harness.
    Consolidated identical input bits for $mux cell $flatten\u_fpu_int_to_float.$procmux$574:
      Old ports: A=$flatten\u_fpu_int_to_float.$26\msb_pos[7:0], B=8'00000110, Y=$flatten\u_fpu_int_to_float.$27\msb_pos[7:0]
      New ports: A=$flatten\u_fpu_int_to_float.$26\msb_pos[7:0] [4:0], B=5'00110, Y=$flatten\u_fpu_int_to_float.$27\msb_pos[7:0] [4:0]
      New connections: $flatten\u_fpu_int_to_float.$27\msb_pos[7:0] [7:5] = 3'000
  Optimizing cells in module \synth_harness.
    Consolidated identical input bits for $mux cell $flatten\u_fpu_int_to_float.$procmux$568:
      Old ports: A=$flatten\u_fpu_int_to_float.$27\msb_pos[7:0], B=8'00000101, Y=$flatten\u_fpu_int_to_float.$28\msb_pos[7:0]
      New ports: A=$flatten\u_fpu_int_to_float.$27\msb_pos[7:0] [4:0], B=5'00101, Y=$flatten\u_fpu_int_to_float.$28\msb_pos[7:0] [4:0]
      New connections: $flatten\u_fpu_int_to_float.$28\msb_pos[7:0] [7:5] = 3'000
  Optimizing cells in module \synth_harness.
    Consolidated identical input bits for $mux cell $flatten\u_fpu_int_to_float.$procmux$562:
      Old ports: A=$flatten\u_fpu_int_to_float.$28\msb_pos[7:0], B=8'00000100, Y=$flatten\u_fpu_int_to_float.$29\msb_pos[7:0]
      New ports: A=$flatten\u_fpu_int_to_float.$28\msb_pos[7:0] [4:0], B=5'00100, Y=$flatten\u_fpu_int_to_float.$29\msb_pos[7:0] [4:0]
      New connections: $flatten\u_fpu_int_to_float.$29\msb_pos[7:0] [7:5] = 3'000
  Optimizing cells in module \synth_harness.
    Consolidated identical input bits for $mux cell $flatten\u_fpu_int_to_float.$procmux$556:
      Old ports: A=$flatten\u_fpu_int_to_float.$29\msb_pos[7:0], B=8'00000011, Y=$flatten\u_fpu_int_to_float.$30\msb_pos[7:0]
      New ports: A=$flatten\u_fpu_int_to_float.$29\msb_pos[7:0] [4:0], B=5'00011, Y=$flatten\u_fpu_int_to_float.$30\msb_pos[7:0] [4:0]
      New connections: $flatten\u_fpu_int_to_float.$30\msb_pos[7:0] [7:5] = 3'000
  Optimizing cells in module \synth_harness.
    Consolidated identical input bits for $mux cell $flatten\u_fpu_int_to_float.$procmux$550:
      Old ports: A=$flatten\u_fpu_int_to_float.$30\msb_pos[7:0], B=8'00000010, Y=$flatten\u_fpu_int_to_float.$31\msb_pos[7:0]
      New ports: A=$flatten\u_fpu_int_to_float.$30\msb_pos[7:0] [4:0], B=5'00010, Y=$flatten\u_fpu_int_to_float.$31\msb_pos[7:0] [4:0]
      New connections: $flatten\u_fpu_int_to_float.$31\msb_pos[7:0] [7:5] = 3'000
  Optimizing cells in module \synth_harness.
    Consolidated identical input bits for $mux cell $flatten\u_fpu_int_to_float.$procmux$544:
      Old ports: A=$flatten\u_fpu_int_to_float.$31\msb_pos[7:0], B=8'00000001, Y=$flatten\u_fpu_int_to_float.$32\msb_pos[7:0]
      New ports: A=$flatten\u_fpu_int_to_float.$31\msb_pos[7:0] [4:0], B=5'00001, Y=$flatten\u_fpu_int_to_float.$32\msb_pos[7:0] [4:0]
      New connections: $flatten\u_fpu_int_to_float.$32\msb_pos[7:0] [7:5] = 3'000
  Optimizing cells in module \synth_harness.
    Consolidated identical input bits for $mux cell $flatten\u_fpu_int_to_float.$procmux$538:
      Old ports: A=$flatten\u_fpu_int_to_float.$32\msb_pos[7:0], B=8'00000000, Y={ $flatten\u_fpu_int_to_float.$33\msb_pos[7:0] [7:3] $auto$alumacc.cc:501:replace_alu$811 [2:0] }
      New ports: A=$flatten\u_fpu_int_to_float.$32\msb_pos[7:0] [4:0], B=5'00000, Y={ $flatten\u_fpu_int_to_float.$33\msb_pos[7:0] [4:3] $auto$alumacc.cc:501:replace_alu$811 [2:0] }
      New connections: $flatten\u_fpu_int_to_float.$33\msb_pos[7:0] [7:5] = 3'000
  Optimizing cells in module \synth_harness.
Performed a total of 39 changes.

3.29.5. Executing OPT_MERGE pass (detect identical cells).
Finding identical cells in module `\synth_harness'.
Removed a total of 0 cells.

3.29.6. Executing OPT_DFF pass (perform DFF optimizations).

3.29.7. Executing OPT_CLEAN pass (remove unused cells and wires).
Finding unused cells or wires in module \synth_harness..

3.29.8. Executing OPT_EXPR pass (perform const folding).
Optimizing module synth_harness.
<suppressed ~30 debug messages>

3.29.9. Rerunning OPT passes. (Maybe there is more to do..)

3.29.10. Executing OPT_MUXTREE pass (detect dead branches in mux trees).
Running muxtree optimizer on module \synth_harness..
  Creating internal representation of mux trees.
  Evaluating internal representation of mux trees.
  Analyzing evaluation results.
Removed 0 multiplexer ports.
<suppressed ~34 debug messages>

3.29.11. Executing OPT_REDUCE pass (consolidate $*mux and $reduce_* inputs).
  Optimizing cells in module \synth_harness.
Performed a total of 0 changes.

3.29.12. Executing OPT_MERGE pass (detect identical cells).
Finding identical cells in module `\synth_harness'.
Removed a total of 0 cells.

3.29.13. Executing OPT_DFF pass (perform DFF optimizations).

3.29.14. Executing OPT_CLEAN pass (remove unused cells and wires).
Finding unused cells or wires in module \synth_harness..

3.29.15. Executing OPT_EXPR pass (perform const folding).
Optimizing module synth_harness.

3.29.16. Finished OPT passes. (There is nothing left to do.)

3.30. Executing ICE40_WRAPCARRY pass (wrap carries).

3.31. Executing TECHMAP pass (map to technology primitives).

3.31.1. Executing Verilog-2005 frontend: /usr/bin/../share/yosys/techmap.v
Parsing Verilog input from `/usr/bin/../share/yosys/techmap.v' to AST representation.
Generating RTLIL representation for module `\_90_simplemap_bool_ops'.
Generating RTLIL representation for module `\_90_simplemap_reduce_ops'.
Generating RTLIL representation for module `\_90_simplemap_logic_ops'.
Generating RTLIL representation for module `\_90_simplemap_compare_ops'.
Generating RTLIL representation for module `\_90_simplemap_various'.
Generating RTLIL representation for module `\_90_simplemap_registers'.
Generating RTLIL representation for module `\_90_shift_ops_shr_shl_sshl_sshr'.
Generating RTLIL representation for module `\_90_shift_shiftx'.
Generating RTLIL representation for module `\_90_fa'.
Generating RTLIL representation for module `\_90_lcu'.
Generating RTLIL representation for module `\_90_alu'.
Generating RTLIL representation for module `\_90_macc'.
Generating RTLIL representation for module `\_90_alumacc'.
Generating RTLIL representation for module `\$__div_mod_u'.
Generating RTLIL representation for module `\$__div_mod_trunc'.
Generating RTLIL representation for module `\_90_div'.
Generating RTLIL representation for module `\_90_mod'.
Generating RTLIL representation for module `\$__div_mod_floor'.
Generating RTLIL representation for module `\_90_divfloor'.
Generating RTLIL representation for module `\_90_modfloor'.
Generating RTLIL representation for module `\_90_pow'.
Generating RTLIL representation for module `\_90_pmux'.
Generating RTLIL representation for module `\_90_demux'.
Generating RTLIL representation for module `\_90_lut'.
Successfully finished Verilog frontend.

3.31.2. Executing Verilog-2005 frontend: /usr/bin/../share/yosys/ice40/arith_map.v
Parsing Verilog input from `/usr/bin/../share/yosys/ice40/arith_map.v' to AST representation.
Generating RTLIL representation for module `\_80_ice40_alu'.
Successfully finished Verilog frontend.

3.31.3. Continuing TECHMAP pass.
Using extmapper simplemap for cells of type $not.
Using template $paramod$fb7f6c42d84fe8fae89a359df55310f1e494c563\_80_ice40_alu for cells of type $alu.
Using extmapper simplemap for cells of type $adff.
Using extmapper simplemap for cells of type $dff.
Using extmapper simplemap for cells of type $sdff.
Using extmapper maccmap for cells of type $macc.
  add { $flatten\u_fpu_int_to_float.$sub$../../rtl/fpu_int_to_float.sv:52$89_Y [31] $flatten\u_fpu_int_to_float.$sub$../../rtl/fpu_int_to_float.sv:52$89_Y [31] $flatten\u_fpu_int_to_float.$sub$../../rtl/fpu_int_to_float.sv:52$89_Y [31] $flatten\u_fpu_int_to_float.$sub$../../rtl/fpu_int_to_float.sv:52$89_Y [31] $flatten\u_fpu_int_to_float.$sub$../../rtl/fpu_int_to_float.sv:52$89_Y [31] $flatten\u_fpu_int_to_float.$sub$../../rtl/fpu_int_to_float.sv:52$89_Y [31] $flatten\u_fpu_int_to_float.$sub$../../rtl/fpu_int_to_float.sv:52$89_Y [31] $flatten\u_fpu_int_to_float.$sub$../../rtl/fpu_int_to_float.sv:52$89_Y [31] $flatten\u_fpu_int_to_float.$sub$../../rtl/fpu_int_to_float.sv:52$89_Y [31] $flatten\u_fpu_int_to_float.$sub$../../rtl/fpu_int_to_float.sv:52$89_Y [31] $flatten\u_fpu_int_to_float.$sub$../../rtl/fpu_int_to_float.sv:52$89_Y [31] $flatten\u_fpu_int_to_float.$sub$../../rtl/fpu_int_to_float.sv:52$89_Y [31] $flatten\u_fpu_int_to_float.$sub$../../rtl/fpu_int_to_float.sv:52$89_Y [31] $flatten\u_fpu_int_to_float.$sub$../../rtl/fpu_int_to_float.sv:52$89_Y [31] $flatten\u_fpu_int_to_float.$sub$../../rtl/fpu_int_to_float.sv:52$89_Y [31] $flatten\u_fpu_int_to_float.$sub$../../rtl/fpu_int_to_float.sv:52$89_Y [31] $flatten\u_fpu_int_to_float.$sub$../../rtl/fpu_int_to_float.sv:52$89_Y [31] $flatten\u_fpu_int_to_float.$sub$../../rtl/fpu_int_to_float.sv:52$89_Y [31] $flatten\u_fpu_int_to_float.$sub$../../rtl/fpu_int_to_float.sv:52$89_Y [31] $flatten\u_fpu_int_to_float.$sub$../../rtl/fpu_int_to_float.sv:52$89_Y [31] $flatten\u_fpu_int_to_float.$sub$../../rtl/fpu_int_to_float.sv:52$89_Y [31] $flatten\u_fpu_int_to_float.$sub$../../rtl/fpu_int_to_float.sv:52$89_Y [31] $flatten\u_fpu_int_to_float.$sub$../../rtl/fpu_int_to_float.sv:52$89_Y [31] $flatten\u_fpu_int_to_float.$sub$../../rtl/fpu_int_to_float.sv:52$89_Y [31] $flatten\u_fpu_int_to_float.$sub$../../rtl/fpu_int_to_float.sv:52$89_Y [7:0] } (32 bits, unsigned)
  add 32'11111111111111111111111111101010 (32 bits, unsigned)
Using extmapper simplemap for cells of type $reduce_or.
Using extmapper simplemap for cells of type $reduce_and.
Using extmapper simplemap for cells of type $mux.
Using template $paramod$constmap:1f2d5352815e6a4778e6c2e58f7e329153e9fd2c$paramod$202b7b36f40e68114d27832671c14f816b6930e4\_90_shift_ops_shr_shl_sshl_sshr for cells of type $shl.
Using template $paramod$constmap:1c7a18aaac7e19064d1d8e7838f5d2a5d7cb69ab$paramod$5a062ad318bce0e7b9e05317555f49e91e92a653\_90_shift_shiftx for cells of type $shiftx.
Using template $paramod$672a140277c71df8314410f22acc08d55222c3c7\_80_ice40_alu for cells of type $alu.
Using template $paramod$c6baa65225090ac0a120feab1b920965244aa496\_80_ice40_alu for cells of type $alu.
Using extmapper simplemap for cells of type $logic_and.
Using extmapper simplemap for cells of type $logic_not.
Using template $paramod$19189243523493d505a4933d1bad417c570ea8a6\_80_ice40_alu for cells of type $alu.
Using extmapper simplemap for cells of type $pos.
Using extmapper simplemap for cells of type $xor.
Using template $paramod$fbc7873bff55778c0b3173955b7e4bce1d9d6834\_80_ice40_alu for cells of type $alu.
No more expansions possible.
<suppressed ~818 debug messages>

3.32. Executing OPT pass (performing simple optimizations).

3.32.1. Executing OPT_EXPR pass (perform const folding).
Optimizing module synth_harness.
<suppressed ~364 debug messages>

3.32.2. Executing OPT_MERGE pass (detect identical cells).
Finding identical cells in module `\synth_harness'.
<suppressed ~171 debug messages>
Removed a total of 57 cells.

3.32.3. Executing OPT_DFF pass (perform DFF optimizations).

3.32.4. Executing OPT_CLEAN pass (remove unused cells and wires).
Finding unused cells or wires in module \synth_harness..
Removed 350 unused cells and 135 unused wires.
<suppressed ~351 debug messages>

3.32.5. Finished fast OPT passes.

3.33. Executing ICE40_OPT pass (performing simple optimizations).

3.33.1. Running ICE40 specific optimizations.
Optimized $__ICE40_CARRY_WRAPPER cell back to logic (without SB_CARRY) synth_harness.$auto$alumacc.cc:485:replace_alu$807.slice[0].carry: CO=\stim_sel [0]
Optimized $__ICE40_CARRY_WRAPPER cell back to logic (without SB_CARRY) synth_harness.$auto$alumacc.cc:485:replace_alu$810.slice[0].carry: CO=$auto$alumacc.cc:485:replace_alu$810.BB [0]
Optimized $__ICE40_CARRY_WRAPPER cell back to logic (without SB_CARRY) synth_harness.$auto$alumacc.cc:485:replace_alu$810.slice[2].carry: CO=$auto$alumacc.cc:485:replace_alu$810.C [2]
Optimized $__ICE40_CARRY_WRAPPER cell back to logic (without SB_CARRY) synth_harness.$auto$alumacc.cc:485:replace_alu$810.slice[3].carry: CO=$auto$alumacc.cc:485:replace_alu$810.C [3]
Optimized $__ICE40_CARRY_WRAPPER cell back to logic (without SB_CARRY) synth_harness.$auto$alumacc.cc:485:replace_alu$810.slice[4].carry: CO=$auto$alumacc.cc:485:replace_alu$810.C [4]
Optimized $__ICE40_CARRY_WRAPPER cell back to logic (without SB_CARRY) synth_harness.$auto$alumacc.cc:485:replace_alu$810.slice[5].carry: CO=$auto$alumacc.cc:485:replace_alu$810.C [5]
Optimized $__ICE40_CARRY_WRAPPER cell back to logic (without SB_CARRY) synth_harness.$auto$alumacc.cc:485:replace_alu$819.slice[0].carry: CO=$auto$alumacc.cc:485:replace_alu$819.BB [0]
Optimized $__ICE40_CARRY_WRAPPER cell back to logic (without SB_CARRY) synth_harness.$auto$alumacc.cc:485:replace_alu$822.slice[0].carry: CO=$auto$alumacc.cc:485:replace_alu$822.A [0]
Optimized $__ICE40_CARRY_WRAPPER cell back to logic (without SB_CARRY) synth_harness.$auto$alumacc.cc:485:replace_alu$822.slice[5].carry: CO=$auto$alumacc.cc:485:replace_alu$822.C [5]
Optimized $__ICE40_CARRY_WRAPPER cell back to logic (without SB_CARRY) synth_harness.$auto$alumacc.cc:485:replace_alu$822.slice[6].carry: CO=$auto$alumacc.cc:485:replace_alu$822.C [6]
Optimized $__ICE40_CARRY_WRAPPER cell back to logic (without SB_CARRY) synth_harness.$auto$alumacc.cc:485:replace_alu$822.slice[7].carry: CO=$auto$alumacc.cc:485:replace_alu$822.C [7]
Optimized $__ICE40_CARRY_WRAPPER cell back to logic (without SB_CARRY) synth_harness.$auto$alumacc.cc:485:replace_alu$822.slice[8].carry: CO=$auto$alumacc.cc:485:replace_alu$822.C [8]
Optimized $__ICE40_CARRY_WRAPPER cell back to logic (without SB_CARRY) synth_harness.$auto$maccmap.cc:240:synth$1219.slice[0].carry: CO=1'0

3.33.2. Executing OPT_EXPR pass (perform const folding).
Optimizing module synth_harness.
<suppressed ~68 debug messages>

3.33.3. Executing OPT_MERGE pass (detect identical cells).
Finding identical cells in module `\synth_harness'.
<suppressed ~48 debug messages>
Removed a total of 16 cells.

3.33.4. Executing OPT_DFF pass (perform DFF optimizations).

3.33.5. Executing OPT_CLEAN pass (remove unused cells and wires).
Finding unused cells or wires in module \synth_harness..
Removed 0 unused cells and 3 unused wires.
<suppressed ~1 debug messages>

3.33.6. Rerunning OPT passes. (Removed registers in this run.)

3.33.7. Running ICE40 specific optimizations.
Optimized $__ICE40_CARRY_WRAPPER cell back to logic (without SB_CARRY) synth_harness.$auto$maccmap.cc:240:synth$1219.slice[1].carry: CO=$auto$alumacc.cc:485:replace_alu$822.Y [1]

3.33.8. Executing OPT_EXPR pass (perform const folding).
Optimizing module synth_harness.
<suppressed ~1 debug messages>

3.33.9. Executing OPT_MERGE pass (detect identical cells).
Finding identical cells in module `\synth_harness'.
Removed a total of 0 cells.

3.33.10. Executing OPT_DFF pass (perform DFF optimizations).

3.33.11. Executing OPT_CLEAN pass (remove unused cells and wires).
Finding unused cells or wires in module \synth_harness..

3.33.12. Rerunning OPT passes. (Removed registers in this run.)

3.33.13. Running ICE40 specific optimizations.

3.33.14. Executing OPT_EXPR pass (perform const folding).
Optimizing module synth_harness.

3.33.15. Executing OPT_MERGE pass (detect identical cells).
Finding identical cells in module `\synth_harness'.
Removed a total of 0 cells.

3.33.16. Executing OPT_DFF pass (perform DFF optimizations).

3.33.17. Executing OPT_CLEAN pass (remove unused cells and wires).
Finding unused cells or wires in module \synth_harness..

3.33.18. Finished OPT passes. (There is nothing left to do.)

3.34. Executing DFFLEGALIZE pass (convert FFs to types supported by the target).

3.35. Executing TECHMAP pass (map to technology primitives).

3.35.1. Executing Verilog-2005 frontend: /usr/bin/../share/yosys/ice40/ff_map.v
Parsing Verilog input from `/usr/bin/../share/yosys/ice40/ff_map.v' to AST representation.
Generating RTLIL representation for module `\$_DFF_N_'.
Generating RTLIL representation for module `\$_DFF_P_'.
Generating RTLIL representation for module `\$_DFFE_NP_'.
Generating RTLIL representation for module `\$_DFFE_PP_'.
Generating RTLIL representation for module `\$_DFF_NP0_'.
Generating RTLIL representation for module `\$_DFF_NP1_'.
Generating RTLIL representation for module `\$_DFF_PP0_'.
Generating RTLIL representation for module `\$_DFF_PP1_'.
Generating RTLIL representation for module `\$_DFFE_NP0P_'.
Generating RTLIL representation for module `\$_DFFE_NP1P_'.
Generating RTLIL representation for module `\$_DFFE_PP0P_'.
Generating RTLIL representation for module `\$_DFFE_PP1P_'.
Generating RTLIL representation for module `\$_SDFF_NP0_'.
Generating RTLIL representation for module `\$_SDFF_NP1_'.
Generating RTLIL representation for module `\$_SDFF_PP0_'.
Generating RTLIL representation for module `\$_SDFF_PP1_'.
Generating RTLIL representation for module `\$_SDFFCE_NP0P_'.
Generating RTLIL representation for module `\$_SDFFCE_NP1P_'.
Generating RTLIL representation for module `\$_SDFFCE_PP0P_'.
Generating RTLIL representation for module `\$_SDFFCE_PP1P_'.
Successfully finished Verilog frontend.

3.35.2. Continuing TECHMAP pass.
Using template \$_DFF_PP0_ for cells of type $_DFF_PP0_.
Using template \$_SDFF_PP0_ for cells of type $_SDFF_PP0_.
Using template \$_DFF_P_ for cells of type $_DFF_P_.
No more expansions possible.
<suppressed ~293 debug messages>

3.36. Executing OPT_EXPR pass (perform const folding).
Optimizing module synth_harness.

3.37. Executing SIMPLEMAP pass (map simple cells to gate primitives).
Mapping synth_harness.$auto$alumacc.cc:485:replace_alu$807.slice[0].carry ($lut).
Mapping synth_harness.$auto$alumacc.cc:485:replace_alu$810.slice[0].carry ($lut).
Mapping synth_harness.$auto$alumacc.cc:485:replace_alu$810.slice[2].carry ($lut).
Mapping synth_harness.$auto$alumacc.cc:485:replace_alu$819.slice[0].carry ($lut).
Mapping synth_harness.$auto$alumacc.cc:485:replace_alu$822.slice[0].carry ($lut).
Mapping synth_harness.$auto$alumacc.cc:485:replace_alu$822.slice[8].carry ($lut).
Mapping synth_harness.$auto$maccmap.cc:240:synth$1219.slice[0].carry ($lut).
Mapping synth_harness.$auto$maccmap.cc:240:synth$1219.slice[1].carry ($lut).

3.38. Executing ICE40_OPT pass (performing simple optimizations).

3.38.1. Running ICE40 specific optimizations.

3.38.2. Executing OPT_EXPR pass (perform const folding).
Optimizing module synth_harness.
<suppressed ~250 debug messages>

3.38.3. Executing OPT_MERGE pass (detect identical cells).
Finding identical cells in module `\synth_harness'.
<suppressed ~813 debug messages>
Removed a total of 271 cells.

3.38.4. Executing OPT_DFF pass (perform DFF optimizations).

3.38.5. Executing OPT_CLEAN pass (remove unused cells and wires).
Finding unused cells or wires in module \synth_harness..
Removed 2 unused cells and 1653 unused wires.
<suppressed ~3 debug messages>

3.38.6. Rerunning OPT passes. (Removed registers in this run.)

3.38.7. Running ICE40 specific optimizations.

3.38.8. Executing OPT_EXPR pass (perform const folding).
Optimizing module synth_harness.

3.38.9. Executing OPT_MERGE pass (detect identical cells).
Finding identical cells in module `\synth_harness'.
Removed a total of 0 cells.

3.38.10. Executing OPT_DFF pass (perform DFF optimizations).

3.38.11. Executing OPT_CLEAN pass (remove unused cells and wires).
Finding unused cells or wires in module \synth_harness..

3.38.12. Finished OPT passes. (There is nothing left to do.)

3.39. Executing TECHMAP pass (map to technology primitives).

3.39.1. Executing Verilog-2005 frontend: /usr/bin/../share/yosys/ice40/latches_map.v
Parsing Verilog input from `/usr/bin/../share/yosys/ice40/latches_map.v' to AST representation.
Generating RTLIL representation for module `\$_DLATCH_N_'.
Generating RTLIL representation for module `\$_DLATCH_P_'.
Successfully finished Verilog frontend.

3.39.2. Continuing TECHMAP pass.
No more expansions possible.
<suppressed ~4 debug messages>

3.40. Executing ABC pass (technology mapping using ABC).

3.40.1. Extracting gate netlist of module `\synth_harness' to `<abc-temp-dir>/input.blif'..
Extracted 620 gates and 707 wires to a netlist network with 86 inputs and 64 outputs.

3.40.1.1. Executing ABC.
Running ABC command: "<yosys-exe-dir>/yosys-abc" -s -f <abc-temp-dir>/abc.script 2>&1
ABC: ABC command line: "source <abc-temp-dir>/abc.script".
ABC: 
ABC: + read_blif <abc-temp-dir>/input.blif 
ABC: + read_lut <abc-temp-dir>/lutdefs.txt 
ABC: + strash 
ABC: + &get -n 
ABC: + &fraig -x 
ABC: + &put 
ABC: + scorr 
ABC: Warning: The network is combinational (run "fraig" or "fraig_sweep").
ABC: + dc2 
ABC: + dretime 
ABC: + strash 
ABC: + dch -f 
ABC: + if 
ABC: + mfs2 
ABC: + lutpack -S 1 
ABC: + dress <abc-temp-dir>/input.blif 
ABC: Total number of equiv classes                =     230.
ABC: Participating nodes from both networks       =     551.
ABC: Participating nodes from the first network   =     231. (  79.11 % of nodes)
ABC: Participating nodes from the second network  =     320. ( 109.59 % of nodes)
ABC: Node pairs (any polarity)                    =     231. (  79.11 % of names can be moved)
ABC: Node pairs (same polarity)                   =     102. (  34.93 % of names can be moved)
ABC: Total runtime =     0.14 sec
ABC: + write_blif <abc-temp-dir>/output.blif 

3.40.1.2. Re-integrating ABC results.
ABC RESULTS:              $lut cells:      291
ABC RESULTS:        internal signals:      557
ABC RESULTS:           input signals:       86
ABC RESULTS:          output signals:       64
Removing temp directory.

3.41. Executing ICE40_WRAPCARRY pass (wrap carries).

3.42. Executing TECHMAP pass (map to technology primitives).

3.42.1. Executing Verilog-2005 frontend: /usr/bin/../share/yosys/ice40/ff_map.v
Parsing Verilog input from `/usr/bin/../share/yosys/ice40/ff_map.v' to AST representation.
Generating RTLIL representation for module `\$_DFF_N_'.
Generating RTLIL representation for module `\$_DFF_P_'.
Generating RTLIL representation for module `\$_DFFE_NP_'.
Generating RTLIL representation for module `\$_DFFE_PP_'.
Generating RTLIL representation for module `\$_DFF_NP0_'.
Generating RTLIL representation for module `\$_DFF_NP1_'.
Generating RTLIL representation for module `\$_DFF_PP0_'.
Generating RTLIL representation for module `\$_DFF_PP1_'.
Generating RTLIL representation for module `\$_DFFE_NP0P_'.
Generating RTLIL representation for module `\$_DFFE_NP1P_'.
Generating RTLIL representation for module `\$_DFFE_PP0P_'.
Generating RTLIL representation for module `\$_DFFE_PP1P_'.
Generating RTLIL representation for module `\$_SDFF_NP0_'.
Generating RTLIL representation for module `\$_SDFF_NP1_'.
Generating RTLIL representation for module `\$_SDFF_PP0_'.
Generating RTLIL representation for module `\$_SDFF_PP1_'.
Generating RTLIL representation for module `\$_SDFFCE_NP0P_'.
Generating RTLIL representation for module `\$_SDFFCE_NP1P_'.
Generating RTLIL representation for module `\$_SDFFCE_PP0P_'.
Generating RTLIL representation for module `\$_SDFFCE_PP1P_'.
Successfully finished Verilog frontend.

3.42.2. Continuing TECHMAP pass.
No more expansions possible.
<suppressed ~22 debug messages>
Removed 66 unused cells and 357 unused wires.

3.43. Executing OPT_LUT pass (optimize LUTs).
Discovering LUTs.
Number of LUTs:      331
  1-LUT               50
  2-LUT               23
  3-LUT              160
  4-LUT               98
  with \SB_CARRY    (#0)   38
  with \SB_CARRY    (#1)   36

Eliminating LUTs.
Number of LUTs:      331
  1-LUT               50
  2-LUT               23
  3-LUT              160
  4-LUT               98
  with \SB_CARRY    (#0)   38
  with \SB_CARRY    (#1)   36

Combining LUTs.
Number of LUTs:      327
  1-LUT               48
  2-LUT               21
  3-LUT              159
  4-LUT               99
  with \SB_CARRY    (#0)   38
  with \SB_CARRY    (#1)   36

Eliminated 0 LUTs.
Combined 4 LUTs.
<suppressed ~1682 debug messages>

3.44. Executing TECHMAP pass (map to technology primitives).

3.44.1. Executing Verilog-2005 frontend: /usr/bin/../share/yosys/ice40/cells_map.v
Parsing Verilog input from `/usr/bin/../share/yosys/ice40/cells_map.v' to AST representation.
Generating RTLIL representation for module `\$lut'.
Successfully finished Verilog frontend.

3.44.2. Continuing TECHMAP pass.
Using template $paramod\$lut\WIDTH=32'00000000000000000000000000000010\LUT=4'1000 for cells of type $lut.
Using template $paramod\$lut\WIDTH=32'00000000000000000000000000000001\LUT=2'01 for cells of type $lut.
Using template $paramod$fd904e9e35cfd343a9df248824bd3f1408724879\$lut for cells of type $lut.
Using template $paramod\$lut\WIDTH=32'00000000000000000000000000000011\LUT=8'00110101 for cells of type $lut.
Using template $paramod$e2e4d79bec18c28fa313e8bd8f4df6f8a38115b2\$lut for cells of type $lut.
Using template $paramod$4ac2f6908321818cc67ecf9f3e6d299d0aedccb4\$lut for cells of type $lut.
Using template $paramod$6d6beead1425af15cf78b27fd9b11b41b5d4bce8\$lut for cells of type $lut.
Using template $paramod$8b24407096beec47292ddeb1567a058197a320b9\$lut for cells of type $lut.
Using template $paramod$571404c0889eaf57f492cb5e37f8acb5df5852f9\$lut for cells of type $lut.
Using template $paramod$fb5ee0bdef1c4e74aaf1fd8efae98b46a2f5e564\$lut for cells of type $lut.
Using template $paramod\$lut\WIDTH=32'00000000000000000000000000000010\LUT=4'0100 for cells of type $lut.
Using template $paramod$4b2297966ddb718657b80566604f97685ffc0120\$lut for cells of type $lut.
Using template $paramod$41326ad8644342a66dfb051d050f2b6fbf15015b\$lut for cells of type $lut.
Using template $paramod\$lut\WIDTH=32'00000000000000000000000000000011\LUT=8'01000000 for cells of type $lut.
Using template $paramod\$lut\WIDTH=32'00000000000000000000000000000011\LUT=8'10000000 for cells of type $lut.
Using template $paramod$332a399730bfc61adea04021a76b1c4e4030f37d\$lut for cells of type $lut.
Using template $paramod$f3e1547c4b47e64c590e75cf09078b2507c8cc75\$lut for cells of type $lut.
Using template $paramod$272652f6c6fbe9a75eff76e45cc7e2788835518b\$lut for cells of type $lut.
Using template $paramod$e5759512db67494ff77fbdfc66dff4006376568f\$lut for cells of type $lut.
Using template $paramod\$lut\WIDTH=32'00000000000000000000000000000011\LUT=8'00010000 for cells of type $lut.
Using template $paramod\$lut\WIDTH=32'00000000000000000000000000000011\LUT=8'01110000 for cells of type $lut.
Using template $paramod$7fcc2f13195f27c397064377984d87a90c06749d\$lut for cells of type $lut.
Using template $paramod$b93d1ea7a612a32c185108f67a153d44ffb9aac2\$lut for cells of type $lut.
Using template $paramod$baa939b0bd5b3e0c8760492528669bd58f640542\$lut for cells of type $lut.
Using template $paramod\$lut\WIDTH=32'00000000000000000000000000000011\LUT=8'10110000 for cells of type $lut.
Using template $paramod$53ce561f80f32d4298a3beadc88b6c5c78293221\$lut for cells of type $lut.
Using template $paramod\$lut\WIDTH=32'00000000000000000000000000000011\LUT=8'11001010 for cells of type $lut.
Using template $paramod$179512a187da069f3b79ef6612a41e494e7d54b6\$lut for cells of type $lut.
Using template $paramod$ed10455c824c2a3761aabdeb1e31dad905f66e6e\$lut for cells of type $lut.
Using template $paramod\$lut\WIDTH=32'00000000000000000000000000000011\LUT=8'10101100 for cells of type $lut.
Using template $paramod\$lut\WIDTH=32'00000000000000000000000000000011\LUT=8'10100011 for cells of type $lut.
Using template $paramod\$lut\WIDTH=32'00000000000000000000000000000011\LUT=8'11101111 for cells of type $lut.
Using template $paramod$c1a19a87ccbbb03d43a72335db63f692ddf82cc1\$lut for cells of type $lut.
Using template $paramod\$lut\WIDTH=32'00000000000000000000000000000011\LUT=8'00001011 for cells of type $lut.
Using template $paramod$38f9bf4dd2329347b8471f0a98443dd323386889\$lut for cells of type $lut.
Using template $paramod\$lut\WIDTH=32'00000000000000000000000000000011\LUT=8'00111010 for cells of type $lut.
Using template $paramod$4282def8dbd6df3d1248ad282c629bee684502c2\$lut for cells of type $lut.
Using template $paramod$e49f6e3576ef1a6d2f58c54414dbb786af8cc869\$lut for cells of type $lut.
Using template $paramod$0b3dae0cf9ba4ff0f31b6a740f162807f52296cf\$lut for cells of type $lut.
Using template $paramod\$lut\WIDTH=32'00000000000000000000000000000011\LUT=8'01010011 for cells of type $lut.
Using template $paramod$de3d8c0ac9a85f776878d56395b6e0bf04ae72e7\$lut for cells of type $lut.
Using template $paramod$adac5163f2ca606e303e4fcb6e4ac1a8cfe9825d\$lut for cells of type $lut.
Using template $paramod$b82dd4a20dbf0d54061c2335089cd4250464eb8a\$lut for cells of type $lut.
Using template $paramod$d6d3aaeac1b9aa2c4b652c48e0deb565040dda72\$lut for cells of type $lut.
Using template $paramod$2c4c7dfdf674b9c90d6c2cae622d527a6d7d0c22\$lut for cells of type $lut.
Using template $paramod\$lut\WIDTH=32'00000000000000000000000000000011\LUT=8'01001111 for cells of type $lut.
Using template $paramod$cc14edb43bcbbd83b718cef08414cb23048bb6d0\$lut for cells of type $lut.
Using template $paramod\$lut\WIDTH=32'00000000000000000000000000000011\LUT=8'11100000 for cells of type $lut.
Using template $paramod\$lut\WIDTH=32'00000000000000000000000000000011\LUT=8'11000101 for cells of type $lut.
Using template $paramod$45d617c2ce0041e27b541f62b0fc3c3ce441a616\$lut for cells of type $lut.
Using template $paramod$70ebb6cf5bc7d63c5c1a98ccefefa2af79e8f2a9\$lut for cells of type $lut.
Using template $paramod$048d4aa2263b685fba6c6b0d38f6224df0dc3042\$lut for cells of type $lut.
Using template $paramod\$lut\WIDTH=32'00000000000000000000000000000010\LUT=4'0001 for cells of type $lut.
Using template $paramod$e5e9da8fed769f971686eed8c5eea50e61f73aaa\$lut for cells of type $lut.
Using template $paramod$441de597d9318495d3225f370c9f7379b3b0fd0d\$lut for cells of type $lut.
Using template $paramod$658b9ed803f0d3d335616d3858b53e0a2522f1e8\$lut for cells of type $lut.
Using template $paramod\$lut\WIDTH=32'00000000000000000000000000000011\LUT=8'00000111 for cells of type $lut.
Using template $paramod\$lut\WIDTH=32'00000000000000000000000000000011\LUT=8'01011100 for cells of type $lut.
Using template $paramod$a4df2b5be2b644499880e088a11556935f22b401\$lut for cells of type $lut.
Using template $paramod$b637cf4714c2e93484bb499728e176a6ab69c910\$lut for cells of type $lut.
Using template $paramod$8c24dc0cdd336b7fb88bbf7eed45cec5cbae862b\$lut for cells of type $lut.
Using template $paramod$2ea69c779d6c1b79ac5a87b0d1523c67d5628dba\$lut for cells of type $lut.
Using template $paramod$44322768708ea1617c4f8f4845eb883e6765da22\$lut for cells of type $lut.
Using template $paramod$a2d691ba21e093558f2a36669ee489fbccffbcd3\$lut for cells of type $lut.
Using template $paramod$fc318a7df7fe07fd6e06d67fcbc358e9823ea389\$lut for cells of type $lut.
Using template $paramod$e91fd7c0b83fa86f9e17b44e81b053b9681b527b\$lut for cells of type $lut.
Using template $paramod$fda9e365fefd818ad1a6ed29016ab1ae1e446dbd\$lut for cells of type $lut.
Using template $paramod$8913a4494cb30c7b7d264fbaf230463b26f65f90\$lut for cells of type $lut.
Using template $paramod$c471af5667a682bd131a5b479e58e470d1b2b7cd\$lut for cells of type $lut.
Using template $paramod$2f99e7dde0142f5eb4336d05fd90a596d3f2e038\$lut for cells of type $lut.
Using template $paramod$b4f15f202f50520dbc381cd0880ac94f830f05a8\$lut for cells of type $lut.
No more expansions possible.
<suppressed ~1253 debug messages>
Removed 0 unused cells and 763 unused wires.

3.45. Executing AUTONAME pass.
Renamed 6729 objects in module synth_harness (69 iterations).
<suppressed ~774 debug messages>

3.46. Executing HIERARCHY pass (managing design hierarchy).

3.46.1. Analyzing design hierarchy..
Top module:  \synth_harness

3.46.2. Analyzing design hierarchy..
Top module:  \synth_harness
Removed 0 unused modules.

3.47. Printing statistics.

=== synth_harness ===

   Number of wires:                162
   Number of wire bits:           1068
   Number of public wires:         162
   Number of public wire bits:    1068
   Number of memories:               0
   Number of memory bits:            0
   Number of processes:              0
   Number of cells:                632
     SB_CARRY                       38
     SB_DFF                          2
     SB_DFFR                       257
     SB_DFFSR                        8
     SB_LUT4                       327

3.48. Executing CHECK pass (checking for obvious problems).
Checking module synth_harness...
Found and reported 0 problems.

3.49. Executing JSON backend.

Warnings: 1 unique messages, 2 total
End of script. Logfile hash: e8b7999849, CPU: user 1.85s system 0.02s, MEM: 27.42 MB peak
Yosys 0.33 (git sha1 2584903a060)
Time spent: 25% 14x read_verilog (0 sec), 23% 1x abc (0 sec), ...
